<html>
<body>
<pre>
<h1>µVision Build Log</h1>
<h2>Project:</h2>
E:\Ò°»ðSTM32\STM32Ñ§Ï°\DEMO\Project\RVMDK£¨uv4£©\DEMO.uvproj
Project File Date:  07/26/2014

<h2>Output:</h2>
Rebuild target 'Target 1'
compiling main.c...
compiling stm32f10x_it.c...
compiling misc.c...
..\..\Libraries\FWlib\src\misc.c(24): error:  #5: cannot open source input file "misc.h": No such file or directory
compiling stm32f10x_adc.c...
..\..\Libraries\FWlib\src\stm32f10x_adc.c(23): error:  #5: cannot open source input file "stm32f10x_adc.h": No such file or directory
compiling stm32f10x_bkp.c...
..\..\Libraries\FWlib\src\stm32f10x_bkp.c(23): error:  #5: cannot open source input file "stm32f10x_bkp.h": No such file or directory
compiling stm32f10x_can.c...
..\..\Libraries\FWlib\src\stm32f10x_can.c(23): error:  #5: cannot open source input file "stm32f10x_can.h": No such file or directory
compiling stm32f10x_cec.c...
..\..\Libraries\FWlib\src\stm32f10x_cec.c(23): error:  #5: cannot open source input file "stm32f10x_cec.h": No such file or directory
compiling stm32f10x_crc.c...
..\..\Libraries\FWlib\src\stm32f10x_crc.c(23): error:  #5: cannot open source input file "stm32f10x_crc.h": No such file or directory
compiling stm32f10x_dac.c...
..\..\Libraries\FWlib\src\stm32f10x_dac.c(23): error:  #5: cannot open source input file "stm32f10x_dac.h": No such file or directory
compiling stm32f10x_dbgmcu.c...
..\..\Libraries\FWlib\src\stm32f10x_dbgmcu.c(23): error:  #5: cannot open source input file "stm32f10x_dbgmcu.h": No such file or directory
compiling stm32f10x_dma.c...
..\..\Libraries\FWlib\src\stm32f10x_dma.c(23): error:  #5: cannot open source input file "stm32f10x_dma.h": No such file or directory
compiling stm32f10x_exti.c...
..\..\Libraries\FWlib\src\stm32f10x_exti.c(23): error:  #5: cannot open source input file "stm32f10x_exti.h": No such file or directory
compiling stm32f10x_flash.c...
..\..\Libraries\FWlib\src\stm32f10x_flash.c(23): error:  #5: cannot open source input file "stm32f10x_flash.h": No such file or directory
compiling stm32f10x_fsmc.c...
..\..\Libraries\FWlib\src\stm32f10x_fsmc.c(23): error:  #5: cannot open source input file "stm32f10x_fsmc.h": No such file or directory
compiling stm32f10x_gpio.c...
..\..\Libraries\FWlib\src\stm32f10x_gpio.c(23): error:  #5: cannot open source input file "stm32f10x_gpio.h": No such file or directory
compiling stm32f10x_i2c.c...
..\..\Libraries\FWlib\src\stm32f10x_i2c.c(23): error:  #5: cannot open source input file "stm32f10x_i2c.h": No such file or directory
compiling stm32f10x_iwdg.c...
..\..\Libraries\FWlib\src\stm32f10x_iwdg.c(23): error:  #5: cannot open source input file "stm32f10x_iwdg.h": No such file or directory
compiling stm32f10x_pwr.c...
..\..\Libraries\FWlib\src\stm32f10x_pwr.c(23): error:  #5: cannot open source input file "stm32f10x_pwr.h": No such file or directory
compiling stm32f10x_rcc.c...
..\..\Libraries\FWlib\src\stm32f10x_rcc.c(23): error:  #5: cannot open source input file "stm32f10x_rcc.h": No such file or directory
compiling stm32f10x_rtc.c...
..\..\Libraries\FWlib\src\stm32f10x_rtc.c(23): error:  #5: cannot open source input file "stm32f10x_rtc.h": No such file or directory
compiling stm32f10x_sdio.c...
..\..\Libraries\FWlib\src\stm32f10x_sdio.c(23): error:  #5: cannot open source input file "stm32f10x_sdio.h": No such file or directory
compiling stm32f10x_spi.c...
..\..\Libraries\FWlib\src\stm32f10x_spi.c(23): error:  #5: cannot open source input file "stm32f10x_spi.h": No such file or directory
compiling stm32f10x_tim.c...
..\..\Libraries\FWlib\src\stm32f10x_tim.c(23): error:  #5: cannot open source input file "stm32f10x_tim.h": No such file or directory
compiling stm32f10x_usart.c...
..\..\Libraries\FWlib\src\stm32f10x_usart.c(23): error:  #5: cannot open source input file "stm32f10x_usart.h": No such file or directory
compiling stm32f10x_wwdg.c...
..\..\Libraries\FWlib\src\stm32f10x_wwdg.c(23): error:  #5: cannot open source input file "stm32f10x_wwdg.h": No such file or directory
assembling startup_stm32f10x_hd.s...
compiling core_cm3.c...
compiling system_stm32f10x.c...
"..\..\Output\DEMO.axf" - 23 Errors, 0 Warning(s).
Target not created
Rebuild target 'Target 1'
compiling main.c...
..\..\User\stm32f10x_conf.h(28): error:  #5: cannot open source input file "stm32f10x_adc.h": No such file or directory
compiling stm32f10x_it.c...
..\..\User\stm32f10x_conf.h(28): error:  #5: cannot open source input file "stm32f10x_adc.h": No such file or directory
compiling misc.c...
..\..\Libraries\FWlib\src\misc.c(24): error:  #5: cannot open source input file "misc.h": No such file or directory
compiling stm32f10x_adc.c...
..\..\Libraries\FWlib\src\stm32f10x_adc.c(23): error:  #5: cannot open source input file "stm32f10x_adc.h": No such file or directory
compiling stm32f10x_bkp.c...
..\..\Libraries\FWlib\src\stm32f10x_bkp.c(23): error:  #5: cannot open source input file "stm32f10x_bkp.h": No such file or directory
compiling stm32f10x_can.c...
..\..\Libraries\FWlib\src\stm32f10x_can.c(23): error:  #5: cannot open source input file "stm32f10x_can.h": No such file or directory
compiling stm32f10x_cec.c...
..\..\Libraries\FWlib\src\stm32f10x_cec.c(23): error:  #5: cannot open source input file "stm32f10x_cec.h": No such file or directory
compiling stm32f10x_crc.c...
..\..\Libraries\FWlib\src\stm32f10x_crc.c(23): error:  #5: cannot open source input file "stm32f10x_crc.h": No such file or directory
compiling stm32f10x_dac.c...
..\..\Libraries\FWlib\src\stm32f10x_dac.c(23): error:  #5: cannot open source input file "stm32f10x_dac.h": No such file or directory
compiling stm32f10x_dbgmcu.c...
..\..\Libraries\FWlib\src\stm32f10x_dbgmcu.c(23): error:  #5: cannot open source input file "stm32f10x_dbgmcu.h": No such file or directory
compiling stm32f10x_dma.c...
..\..\Libraries\FWlib\src\stm32f10x_dma.c(23): error:  #5: cannot open source input file "stm32f10x_dma.h": No such file or directory
compiling stm32f10x_exti.c...
..\..\Libraries\FWlib\src\stm32f10x_exti.c(23): error:  #5: cannot open source input file "stm32f10x_exti.h": No such file or directory
compiling stm32f10x_flash.c...
..\..\Libraries\FWlib\src\stm32f10x_flash.c(23): error:  #5: cannot open source input file "stm32f10x_flash.h": No such file or directory
compiling stm32f10x_fsmc.c...
..\..\Libraries\FWlib\src\stm32f10x_fsmc.c(23): error:  #5: cannot open source input file "stm32f10x_fsmc.h": No such file or directory
compiling stm32f10x_gpio.c...
..\..\Libraries\FWlib\src\stm32f10x_gpio.c(23): error:  #5: cannot open source input file "stm32f10x_gpio.h": No such file or directory
compiling stm32f10x_i2c.c...
..\..\Libraries\FWlib\src\stm32f10x_i2c.c(23): error:  #5: cannot open source input file "stm32f10x_i2c.h": No such file or directory
compiling stm32f10x_iwdg.c...
..\..\Libraries\FWlib\src\stm32f10x_iwdg.c(23): error:  #5: cannot open source input file "stm32f10x_iwdg.h": No such file or directory
compiling stm32f10x_pwr.c...
..\..\Libraries\FWlib\src\stm32f10x_pwr.c(23): error:  #5: cannot open source input file "stm32f10x_pwr.h": No such file or directory
compiling stm32f10x_rcc.c...
..\..\Libraries\FWlib\src\stm32f10x_rcc.c(23): error:  #5: cannot open source input file "stm32f10x_rcc.h": No such file or directory
compiling stm32f10x_rtc.c...
..\..\Libraries\FWlib\src\stm32f10x_rtc.c(23): error:  #5: cannot open source input file "stm32f10x_rtc.h": No such file or directory
compiling stm32f10x_sdio.c...
..\..\Libraries\FWlib\src\stm32f10x_sdio.c(23): error:  #5: cannot open source input file "stm32f10x_sdio.h": No such file or directory
compiling stm32f10x_spi.c...
..\..\Libraries\FWlib\src\stm32f10x_spi.c(23): error:  #5: cannot open source input file "stm32f10x_spi.h": No such file or directory
compiling stm32f10x_tim.c...
..\..\Libraries\FWlib\src\stm32f10x_tim.c(23): error:  #5: cannot open source input file "stm32f10x_tim.h": No such file or directory
compiling stm32f10x_usart.c...
..\..\Libraries\FWlib\src\stm32f10x_usart.c(23): error:  #5: cannot open source input file "stm32f10x_usart.h": No such file or directory
compiling stm32f10x_wwdg.c...
..\..\Libraries\FWlib\src\stm32f10x_wwdg.c(23): error:  #5: cannot open source input file "stm32f10x_wwdg.h": No such file or directory
assembling startup_stm32f10x_hd.s...
compiling core_cm3.c...
compiling system_stm32f10x.c...
..\..\User\stm32f10x_conf.h(28): error:  #5: cannot open source input file "stm32f10x_adc.h": No such file or directory
"..\..\Output\DEMO.axf" - 26 Errors, 0 Warning(s).
Target not created
Rebuild target 'Target 1'
compiling main.c...
compiling stm32f10x_it.c...
compiling misc.c...
compiling stm32f10x_adc.c...
compiling stm32f10x_bkp.c...
compiling stm32f10x_can.c...
compiling stm32f10x_cec.c...
compiling stm32f10x_crc.c...
compiling stm32f10x_dac.c...
compiling stm32f10x_dbgmcu.c...
compiling stm32f10x_dma.c...
compiling stm32f10x_exti.c...
compiling stm32f10x_flash.c...
compiling stm32f10x_fsmc.c...
compiling stm32f10x_gpio.c...
compiling stm32f10x_i2c.c...
compiling stm32f10x_iwdg.c...
compiling stm32f10x_pwr.c...
compiling stm32f10x_rcc.c...
compiling stm32f10x_rtc.c...
compiling stm32f10x_sdio.c...
compiling stm32f10x_spi.c...
compiling stm32f10x_tim.c...
compiling stm32f10x_usart.c...
compiling stm32f10x_wwdg.c...
assembling startup_stm32f10x_hd.s...
compiling core_cm3.c...
compiling system_stm32f10x.c...
linking...
Program Size: Code=840 RO-data=336 RW-data=20 ZI-data=1636  
"..\..\Output\DEMO.axf" - 0 Errors, 0 Warning(s).
Rebuild target 'Target 1'
compiling main.c...
compiling stm32f10x_it.c...
compiling misc.c...
compiling stm32f10x_adc.c...
compiling stm32f10x_bkp.c...
compiling stm32f10x_can.c...
compiling stm32f10x_cec.c...
compiling stm32f10x_crc.c...
compiling stm32f10x_dac.c...
compiling stm32f10x_dbgmcu.c...
compiling stm32f10x_dma.c...
compiling stm32f10x_exti.c...
compiling stm32f10x_flash.c...
compiling stm32f10x_fsmc.c...
compiling stm32f10x_gpio.c...
compiling stm32f10x_i2c.c...
compiling stm32f10x_iwdg.c...
compiling stm32f10x_pwr.c...
compiling stm32f10x_rcc.c...
compiling stm32f10x_rtc.c...
compiling stm32f10x_sdio.c...
compiling stm32f10x_spi.c...
compiling stm32f10x_tim.c...
compiling stm32f10x_usart.c...
compiling stm32f10x_wwdg.c...
assembling startup_stm32f10x_hd.s...
compiling core_cm3.c...
compiling system_stm32f10x.c...
linking...
Program Size: Code=840 RO-data=336 RW-data=20 ZI-data=1636  
FromELF: creating hex file...
"..\..\Output\DEMO.axf" - 0 Errors, 0 Warning(s).
