ARM Linker, 4.1 [Build 481] [Professional]

==============================================================================

Section Cross References

    main.o(.text) refers to delay.o(.text) for SysTick_Init
    main.o(.text) refers to usart1.o(.text) for USART1_Init
    main.o(.text) refers to pwmmoter.o(.text) for Car_Init
    main.o(.text) refers to buzzer.o(.text) for buzzerInit
    main.o(.text) refers to infrared.o(.text) for Infrared_Init
    main.o(.text) refers to steppermoter.o(.text) for stepperMoterInit
    main.o(.text) refers to printf3.o(i.__0printf$3) for __2printf
    main.o(.text) refers to communication.o(.text) for communicationProtocol
    main.o(.text) refers to stm32f10x_usart.o(.text) for USART_GetITStatus
    main.o(.text) refers to main.o(.data) for receive_complete_flag
    main.o(.text) refers to main.o(.bss) for receive_temp
    stm32f10x_it.o(.text) refers to delay.o(.text) for TimingDelay_Decrement
    exti.o(.text) refers to stm32f10x_gpio.o(.text) for GPIO_PinRemapConfig
    exti.o(.text) refers to stm32f10x_rcc.o(.text) for RCC_APB2PeriphClockCmd
    exti.o(.text) refers to stm32f10x_exti.o(.text) for EXTI_Init
    exti.o(.text) refers to misc.o(.text) for NVIC_Init
    key.o(.text) refers to stm32f10x_rcc.o(.text) for RCC_APB2PeriphClockCmd
    key.o(.text) refers to stm32f10x_gpio.o(.text) for GPIO_Init
    led.o(.text) refers to stm32f10x_rcc.o(.text) for RCC_APB2PeriphClockCmd
    led.o(.text) refers to stm32f10x_gpio.o(.text) for GPIO_Init
    usart1.o(.text) refers to stm32f10x_rcc.o(.text) for RCC_APB2PeriphClockCmd
    usart1.o(.text) refers to stm32f10x_gpio.o(.text) for GPIO_Init
    usart1.o(.text) refers to stm32f10x_usart.o(.text) for USART_Init
    usart1.o(.text) refers to misc.o(.text) for NVIC_PriorityGroupConfig
    time.o(.text) refers to stm32f10x_rcc.o(.text) for RCC_APB1PeriphClockCmd
    time.o(.text) refers to stm32f10x_tim.o(.text) for TIM_TimeBaseInit
    time.o(.text) refers to misc.o(.text) for NVIC_PriorityGroupConfig
    time.o(.text) refers to stm32f10x_gpio.o(.text) for GPIO_Init
    time.o(.text) refers to time.o(.data) for TIM4CH1_CAPTURE_STA
    delay.o(.text) refers to system_stm32f10x.o(.data) for SystemCoreClock
    delay.o(.text) refers to delay.o(.data) for TimingDelay
    wave1.o(.text) refers to stm32f10x_rcc.o(.text) for RCC_APB2PeriphClockCmd
    wave1.o(.text) refers to stm32f10x_gpio.o(.text) for GPIO_Init
    wave1.o(.text) refers to delay.o(.text) for Delay_us
    wave1.o(.text) refers to ffltui.o(.text) for __aeabi_ui2f
    wave1.o(.text) refers to fadd.o(.text) for __aeabi_fadd
    wave1.o(.text) refers to fdiv.o(.text) for __aeabi_fdiv
    wave2.o(.text) refers to stm32f10x_rcc.o(.text) for RCC_APB2PeriphClockCmd
    wave2.o(.text) refers to stm32f10x_gpio.o(.text) for GPIO_Init
    wave2.o(.text) refers to stm32f10x_exti.o(.text) for EXTI_Init
    wave2.o(.text) refers to misc.o(.text) for NVIC_PriorityGroupConfig
    wave2.o(.text) refers to delay.o(.text) for Delay_us
    wave3.o(.text) refers to stm32f10x_rcc.o(.text) for RCC_APB2PeriphClockCmd
    wave3.o(.text) refers to stm32f10x_gpio.o(.text) for GPIO_Init
    wave3.o(.text) refers to time.o(.text) for Time4_Init
    wave3.o(.text) refers to delay.o(.text) for Delay_us
    protocol.o(.text) refers to ffixi.o(.text) for __aeabi_f2iz
    protocol.o(.text) refers to protocol.o(.bss) for OutData
    infrared.o(.text) refers to stm32f10x_rcc.o(.text) for RCC_APB2PeriphClockCmd
    infrared.o(.text) refers to stm32f10x_gpio.o(.text) for GPIO_Init
    infrared.o(.text) refers to infrared.o(.data) for infraredNum
    steppermoter.o(.text) refers to stm32f10x_rcc.o(.text) for RCC_APB2PeriphClockCmd
    steppermoter.o(.text) refers to stm32f10x_gpio.o(.text) for GPIO_Init
    steppermoter.o(.text) refers to stm32f10x_tim.o(.text) for TIM_TimeBaseInit
    steppermoter.o(.text) refers to communication.o(.bss) for sValue
    pwmmoter.o(.text) refers to stm32f10x_rcc.o(.text) for RCC_APB2PeriphClockCmd
    pwmmoter.o(.text) refers to stm32f10x_gpio.o(.text) for GPIO_Init
    pwmmoter.o(.text) refers to stm32f10x_tim.o(.text) for TIM_TimeBaseInit
    pwmmoter.o(.text) refers to delay.o(.text) for Delay_us
    pwmmoter.o(.text) refers to pwmmoter.o(.data) for moterState
    buzzer.o(.text) refers to stm32f10x_rcc.o(.text) for RCC_APB2PeriphClockCmd
    buzzer.o(.text) refers to stm32f10x_gpio.o(.text) for GPIO_Init
    communication.o(.text) refers to ffltui.o(.text) for __aeabi_ui2f
    communication.o(.text) refers to fdiv.o(.text) for __aeabi_fdiv
    communication.o(.text) refers to memseta.o(.text) for __aeabi_memclr4
    communication.o(.text) refers to printf3.o(i.__0printf$3) for __2printf
    communication.o(.text) refers to cfrcmple.o(.text) for __aeabi_cfrcmple
    communication.o(.text) refers to cfcmple.o(.text) for __aeabi_cfcmple
    communication.o(.text) refers to ffixi.o(.text) for __aeabi_f2iz
    communication.o(.text) refers to stm32f10x_tim.o(.text) for TIM_SetCompare1
    communication.o(.text) refers to pwmmoter.o(.text) for motor_stop
    communication.o(.text) refers to communication.o(.bss) for iValue
    communication.o(.text) refers to main.o(.bss) for receive_temp
    communication.o(.text) refers to main.o(.data) for receive_count
    communication.o(.text) refers to function.o(.text) for Function_Init
    communication.o(.text) refers to steppermoter.o(.text) for setAllSteeringEngine
    communication.o(.text) refers to stm32f10x_usart.o(.text) for USART_ITConfig
    function.o(.text) refers to ffltui.o(.text) for __aeabi_ui2f
    function.o(.text) refers to fadd.o(.text) for __aeabi_fsub
    function.o(.text) refers to fdiv.o(.text) for __aeabi_fdiv
    function.o(.text) refers to printf3.o(i.__0printf$3) for __2printf
    function.o(.text) refers to stm32f10x_tim.o(.text) for TIM_SetCompare1
    function.o(.text) refers to fmul.o(.text) for __aeabi_fmul
    function.o(.text) refers to ffixui.o(.text) for __aeabi_f2uiz
    function.o(.text) refers to function.o(.bss) for function_list1
    function.o(.text) refers to function.o(.data) for Test_End_Time
    function.o(.text) refers to function.o(.constdata) for .constdata
    stm32f10x_adc.o(.text) refers to stm32f10x_rcc.o(.text) for RCC_APB2PeriphResetCmd
    stm32f10x_bkp.o(.text) refers to stm32f10x_rcc.o(.text) for RCC_BackupResetCmd
    stm32f10x_can.o(.text) refers to stm32f10x_rcc.o(.text) for RCC_APB1PeriphResetCmd
    stm32f10x_cec.o(.text) refers to stm32f10x_rcc.o(.text) for RCC_APB1PeriphResetCmd
    stm32f10x_dac.o(.text) refers to stm32f10x_rcc.o(.text) for RCC_APB1PeriphResetCmd
    stm32f10x_gpio.o(.text) refers to stm32f10x_rcc.o(.text) for RCC_APB2PeriphResetCmd
    stm32f10x_i2c.o(.text) refers to stm32f10x_rcc.o(.text) for RCC_APB1PeriphResetCmd
    stm32f10x_pwr.o(.text) refers to stm32f10x_rcc.o(.text) for RCC_APB1PeriphResetCmd
    stm32f10x_rcc.o(.text) refers to stm32f10x_rcc.o(.data) for APBAHBPrescTable
    stm32f10x_spi.o(.text) refers to stm32f10x_rcc.o(.text) for RCC_APB2PeriphResetCmd
    stm32f10x_tim.o(.text) refers to stm32f10x_rcc.o(.text) for RCC_APB2PeriphResetCmd
    stm32f10x_usart.o(.text) refers to stm32f10x_rcc.o(.text) for RCC_APB2PeriphResetCmd
    stm32f10x_wwdg.o(.text) refers to stm32f10x_rcc.o(.text) for RCC_APB1PeriphResetCmd
    startup_stm32f10x_hd.o(RESET) refers to startup_stm32f10x_hd.o(STACK) for __initial_sp
    startup_stm32f10x_hd.o(RESET) refers to startup_stm32f10x_hd.o(.text) for Reset_Handler
    startup_stm32f10x_hd.o(RESET) refers to stm32f10x_it.o(.text) for NMI_Handler
    startup_stm32f10x_hd.o(RESET) refers to time.o(.text) for TIM4_IRQHandler
    startup_stm32f10x_hd.o(RESET) refers to main.o(.text) for USART1_IRQHandler
    startup_stm32f10x_hd.o(.text) refers to system_stm32f10x.o(.text) for SystemInit
    startup_stm32f10x_hd.o(.text) refers to entry.o(.ARM.Collect$$$$00000000) for __main
    system_stm32f10x.o(.text) refers to system_stm32f10x.o(.data) for SystemCoreClock
    entry.o(.ARM.Collect$$$$00000000) refers (Special) to entry7.o(.ARM.Collect$$$$00000007) for _main_init
    entry.o(.ARM.Collect$$$$00000000) refers (Special) to entry5.o(.ARM.Collect$$$$00000004) for _main_scatterload
    entry.o(.ARM.Collect$$$$00000000) refers (Special) to entry2.o(.ARM.Collect$$$$00000001) for _main_stk
    printfb.o(i.__0fprintf$bare) refers to printfb.o(i._printf_core) for _printf_core
    printfb.o(i.__0fprintf$bare) refers to usart1.o(.text) for fputc
    printfb.o(i.__0printf$bare) refers to printfb.o(i._printf_core) for _printf_core
    printfb.o(i.__0printf$bare) refers to usart1.o(.text) for fputc
    printfb.o(i.__0printf$bare) refers to stdout.o(.data) for __stdout
    printfb.o(i.__0snprintf$bare) refers to printfb.o(i._printf_core) for _printf_core
    printfb.o(i.__0snprintf$bare) refers to printfb.o(i._snputc) for _snputc
    printfb.o(i.__0sprintf$bare) refers to printfb.o(i._printf_core) for _printf_core
    printfb.o(i.__0sprintf$bare) refers to printfb.o(i._sputc) for _sputc
    printfb.o(i.__0vfprintf$bare) refers to printfb.o(i._printf_core) for _printf_core
    printfb.o(i.__0vfprintf$bare) refers to usart1.o(.text) for fputc
    printfb.o(i.__0vprintf$bare) refers to printfb.o(i._printf_core) for _printf_core
    printfb.o(i.__0vprintf$bare) refers to usart1.o(.text) for fputc
    printfb.o(i.__0vprintf$bare) refers to stdout.o(.data) for __stdout
    printfb.o(i.__0vsnprintf$bare) refers to printfb.o(i._printf_core) for _printf_core
    printfb.o(i.__0vsnprintf$bare) refers to printfb.o(i._snputc) for _snputc
    printfb.o(i.__0vsprintf$bare) refers to printfb.o(i._printf_core) for _printf_core
    printfb.o(i.__0vsprintf$bare) refers to printfb.o(i._sputc) for _sputc
    printf0.o(i.__0fprintf$0) refers to printf0.o(i._printf_core) for _printf_core
    printf0.o(i.__0fprintf$0) refers to usart1.o(.text) for fputc
    printf0.o(i.__0printf$0) refers to printf0.o(i._printf_core) for _printf_core
    printf0.o(i.__0printf$0) refers to usart1.o(.text) for fputc
    printf0.o(i.__0printf$0) refers to stdout.o(.data) for __stdout
    printf0.o(i.__0snprintf$0) refers to printf0.o(i._printf_core) for _printf_core
    printf0.o(i.__0snprintf$0) refers to printf0.o(i._snputc) for _snputc
    printf0.o(i.__0sprintf$0) refers to printf0.o(i._printf_core) for _printf_core
    printf0.o(i.__0sprintf$0) refers to printf0.o(i._sputc) for _sputc
    printf0.o(i.__0vfprintf$0) refers to printf0.o(i._printf_core) for _printf_core
    printf0.o(i.__0vfprintf$0) refers to usart1.o(.text) for fputc
    printf0.o(i.__0vprintf$0) refers to printf0.o(i._printf_core) for _printf_core
    printf0.o(i.__0vprintf$0) refers to usart1.o(.text) for fputc
    printf0.o(i.__0vprintf$0) refers to stdout.o(.data) for __stdout
    printf0.o(i.__0vsnprintf$0) refers to printf0.o(i._printf_core) for _printf_core
    printf0.o(i.__0vsnprintf$0) refers to printf0.o(i._snputc) for _snputc
    printf0.o(i.__0vsprintf$0) refers to printf0.o(i._printf_core) for _printf_core
    printf0.o(i.__0vsprintf$0) refers to printf0.o(i._sputc) for _sputc
    printf1.o(i.__0fprintf$1) refers to printf1.o(i._printf_core) for _printf_core
    printf1.o(i.__0fprintf$1) refers to usart1.o(.text) for fputc
    printf1.o(i.__0printf$1) refers to printf1.o(i._printf_core) for _printf_core
    printf1.o(i.__0printf$1) refers to usart1.o(.text) for fputc
    printf1.o(i.__0printf$1) refers to stdout.o(.data) for __stdout
    printf1.o(i.__0snprintf$1) refers to printf1.o(i._printf_core) for _printf_core
    printf1.o(i.__0snprintf$1) refers to printf1.o(i._snputc) for _snputc
    printf1.o(i.__0sprintf$1) refers to printf1.o(i._printf_core) for _printf_core
    printf1.o(i.__0sprintf$1) refers to printf1.o(i._sputc) for _sputc
    printf1.o(i.__0vfprintf$1) refers to printf1.o(i._printf_core) for _printf_core
    printf1.o(i.__0vfprintf$1) refers to usart1.o(.text) for fputc
    printf1.o(i.__0vprintf$1) refers to printf1.o(i._printf_core) for _printf_core
    printf1.o(i.__0vprintf$1) refers to usart1.o(.text) for fputc
    printf1.o(i.__0vprintf$1) refers to stdout.o(.data) for __stdout
    printf1.o(i.__0vsnprintf$1) refers to printf1.o(i._printf_core) for _printf_core
    printf1.o(i.__0vsnprintf$1) refers to printf1.o(i._snputc) for _snputc
    printf1.o(i.__0vsprintf$1) refers to printf1.o(i._printf_core) for _printf_core
    printf1.o(i.__0vsprintf$1) refers to printf1.o(i._sputc) for _sputc
    printf1.o(i._printf_core) refers to uidiv.o(.text) for __aeabi_uidivmod
    printf2.o(i.__0fprintf$2) refers to printf2.o(i._printf_core) for _printf_core
    printf2.o(i.__0fprintf$2) refers to usart1.o(.text) for fputc
    printf2.o(i.__0printf$2) refers to printf2.o(i._printf_core) for _printf_core
    printf2.o(i.__0printf$2) refers to usart1.o(.text) for fputc
    printf2.o(i.__0printf$2) refers to stdout.o(.data) for __stdout
    printf2.o(i.__0snprintf$2) refers to printf2.o(i._printf_core) for _printf_core
    printf2.o(i.__0snprintf$2) refers to printf2.o(i._snputc) for _snputc
    printf2.o(i.__0sprintf$2) refers to printf2.o(i._printf_core) for _printf_core
    printf2.o(i.__0sprintf$2) refers to printf2.o(i._sputc) for _sputc
    printf2.o(i.__0vfprintf$2) refers to printf2.o(i._printf_core) for _printf_core
    printf2.o(i.__0vfprintf$2) refers to usart1.o(.text) for fputc
    printf2.o(i.__0vprintf$2) refers to printf2.o(i._printf_core) for _printf_core
    printf2.o(i.__0vprintf$2) refers to usart1.o(.text) for fputc
    printf2.o(i.__0vprintf$2) refers to stdout.o(.data) for __stdout
    printf2.o(i.__0vsnprintf$2) refers to printf2.o(i._printf_core) for _printf_core
    printf2.o(i.__0vsnprintf$2) refers to printf2.o(i._snputc) for _snputc
    printf2.o(i.__0vsprintf$2) refers to printf2.o(i._printf_core) for _printf_core
    printf2.o(i.__0vsprintf$2) refers to printf2.o(i._sputc) for _sputc
    printf3.o(i.__0fprintf$3) refers to printf3.o(i._printf_core) for _printf_core
    printf3.o(i.__0fprintf$3) refers to usart1.o(.text) for fputc
    printf3.o(i.__0printf$3) refers to printf3.o(i._printf_core) for _printf_core
    printf3.o(i.__0printf$3) refers to usart1.o(.text) for fputc
    printf3.o(i.__0printf$3) refers to stdout.o(.data) for __stdout
    printf3.o(i.__0snprintf$3) refers to printf3.o(i._printf_core) for _printf_core
    printf3.o(i.__0snprintf$3) refers to printf3.o(i._snputc) for _snputc
    printf3.o(i.__0sprintf$3) refers to printf3.o(i._printf_core) for _printf_core
    printf3.o(i.__0sprintf$3) refers to printf3.o(i._sputc) for _sputc
    printf3.o(i.__0vfprintf$3) refers to printf3.o(i._printf_core) for _printf_core
    printf3.o(i.__0vfprintf$3) refers to usart1.o(.text) for fputc
    printf3.o(i.__0vprintf$3) refers to printf3.o(i._printf_core) for _printf_core
    printf3.o(i.__0vprintf$3) refers to usart1.o(.text) for fputc
    printf3.o(i.__0vprintf$3) refers to stdout.o(.data) for __stdout
    printf3.o(i.__0vsnprintf$3) refers to printf3.o(i._printf_core) for _printf_core
    printf3.o(i.__0vsnprintf$3) refers to printf3.o(i._snputc) for _snputc
    printf3.o(i.__0vsprintf$3) refers to printf3.o(i._printf_core) for _printf_core
    printf3.o(i.__0vsprintf$3) refers to printf3.o(i._sputc) for _sputc
    printf3.o(i._printf_core) refers to uidiv.o(.text) for __aeabi_uidivmod
    printf4.o(i.__0fprintf$4) refers to printf4.o(i._printf_core) for _printf_core
    printf4.o(i.__0fprintf$4) refers to usart1.o(.text) for fputc
    printf4.o(i.__0printf$4) refers to printf4.o(i._printf_core) for _printf_core
    printf4.o(i.__0printf$4) refers to usart1.o(.text) for fputc
    printf4.o(i.__0printf$4) refers to stdout.o(.data) for __stdout
    printf4.o(i.__0snprintf$4) refers to printf4.o(i._printf_core) for _printf_core
    printf4.o(i.__0snprintf$4) refers to printf4.o(i._snputc) for _snputc
    printf4.o(i.__0sprintf$4) refers to printf4.o(i._printf_core) for _printf_core
    printf4.o(i.__0sprintf$4) refers to printf4.o(i._sputc) for _sputc
    printf4.o(i.__0vfprintf$4) refers to printf4.o(i._printf_core) for _printf_core
    printf4.o(i.__0vfprintf$4) refers to usart1.o(.text) for fputc
    printf4.o(i.__0vprintf$4) refers to printf4.o(i._printf_core) for _printf_core
    printf4.o(i.__0vprintf$4) refers to usart1.o(.text) for fputc
    printf4.o(i.__0vprintf$4) refers to stdout.o(.data) for __stdout
    printf4.o(i.__0vsnprintf$4) refers to printf4.o(i._printf_core) for _printf_core
    printf4.o(i.__0vsnprintf$4) refers to printf4.o(i._snputc) for _snputc
    printf4.o(i.__0vsprintf$4) refers to printf4.o(i._printf_core) for _printf_core
    printf4.o(i.__0vsprintf$4) refers to printf4.o(i._sputc) for _sputc
    printf4.o(i._printf_core) refers to uldiv.o(.text) for __aeabi_uldivmod
    printf5.o(i.__0fprintf$5) refers to printf5.o(i._printf_core) for _printf_core
    printf5.o(i.__0fprintf$5) refers to usart1.o(.text) for fputc
    printf5.o(i.__0printf$5) refers to printf5.o(i._printf_core) for _printf_core
    printf5.o(i.__0printf$5) refers to usart1.o(.text) for fputc
    printf5.o(i.__0printf$5) refers to stdout.o(.data) for __stdout
    printf5.o(i.__0snprintf$5) refers to printf5.o(i._printf_core) for _printf_core
    printf5.o(i.__0snprintf$5) refers to printf5.o(i._snputc) for _snputc
    printf5.o(i.__0sprintf$5) refers to printf5.o(i._printf_core) for _printf_core
    printf5.o(i.__0sprintf$5) refers to printf5.o(i._sputc) for _sputc
    printf5.o(i.__0vfprintf$5) refers to printf5.o(i._printf_core) for _printf_core
    printf5.o(i.__0vfprintf$5) refers to usart1.o(.text) for fputc
    printf5.o(i.__0vprintf$5) refers to printf5.o(i._printf_core) for _printf_core
    printf5.o(i.__0vprintf$5) refers to usart1.o(.text) for fputc
    printf5.o(i.__0vprintf$5) refers to stdout.o(.data) for __stdout
    printf5.o(i.__0vsnprintf$5) refers to printf5.o(i._printf_core) for _printf_core
    printf5.o(i.__0vsnprintf$5) refers to printf5.o(i._snputc) for _snputc
    printf5.o(i.__0vsprintf$5) refers to printf5.o(i._printf_core) for _printf_core
    printf5.o(i.__0vsprintf$5) refers to printf5.o(i._sputc) for _sputc
    printf5.o(i._printf_core) refers to uldiv.o(.text) for __aeabi_uldivmod
    printf6.o(i.__0fprintf$6) refers to printf6.o(i._printf_core) for _printf_core
    printf6.o(i.__0fprintf$6) refers to usart1.o(.text) for fputc
    printf6.o(i.__0printf$6) refers to printf6.o(i._printf_core) for _printf_core
    printf6.o(i.__0printf$6) refers to usart1.o(.text) for fputc
    printf6.o(i.__0printf$6) refers to stdout.o(.data) for __stdout
    printf6.o(i.__0snprintf$6) refers to printf6.o(i._printf_core) for _printf_core
    printf6.o(i.__0snprintf$6) refers to printf6.o(i._snputc) for _snputc
    printf6.o(i.__0sprintf$6) refers to printf6.o(i._printf_core) for _printf_core
    printf6.o(i.__0sprintf$6) refers to printf6.o(i._sputc) for _sputc
    printf6.o(i.__0vfprintf$6) refers to printf6.o(i._printf_core) for _printf_core
    printf6.o(i.__0vfprintf$6) refers to usart1.o(.text) for fputc
    printf6.o(i.__0vprintf$6) refers to printf6.o(i._printf_core) for _printf_core
    printf6.o(i.__0vprintf$6) refers to usart1.o(.text) for fputc
    printf6.o(i.__0vprintf$6) refers to stdout.o(.data) for __stdout
    printf6.o(i.__0vsnprintf$6) refers to printf6.o(i._printf_core) for _printf_core
    printf6.o(i.__0vsnprintf$6) refers to printf6.o(i._snputc) for _snputc
    printf6.o(i.__0vsprintf$6) refers to printf6.o(i._printf_core) for _printf_core
    printf6.o(i.__0vsprintf$6) refers to printf6.o(i._sputc) for _sputc
    printf6.o(i._printf_core) refers to printf6.o(i._printf_pre_padding) for _printf_pre_padding
    printf6.o(i._printf_core) refers to uidiv.o(.text) for __aeabi_uidivmod
    printf6.o(i._printf_core) refers to printf6.o(i._printf_post_padding) for _printf_post_padding
    printf7.o(i.__0fprintf$7) refers to printf7.o(i._printf_core) for _printf_core
    printf7.o(i.__0fprintf$7) refers to usart1.o(.text) for fputc
    printf7.o(i.__0printf$7) refers to printf7.o(i._printf_core) for _printf_core
    printf7.o(i.__0printf$7) refers to usart1.o(.text) for fputc
    printf7.o(i.__0printf$7) refers to stdout.o(.data) for __stdout
    printf7.o(i.__0snprintf$7) refers to printf7.o(i._printf_core) for _printf_core
    printf7.o(i.__0snprintf$7) refers to printf7.o(i._snputc) for _snputc
    printf7.o(i.__0sprintf$7) refers to printf7.o(i._printf_core) for _printf_core
    printf7.o(i.__0sprintf$7) refers to printf7.o(i._sputc) for _sputc
    printf7.o(i.__0vfprintf$7) refers to printf7.o(i._printf_core) for _printf_core
    printf7.o(i.__0vfprintf$7) refers to usart1.o(.text) for fputc
    printf7.o(i.__0vprintf$7) refers to printf7.o(i._printf_core) for _printf_core
    printf7.o(i.__0vprintf$7) refers to usart1.o(.text) for fputc
    printf7.o(i.__0vprintf$7) refers to stdout.o(.data) for __stdout
    printf7.o(i.__0vsnprintf$7) refers to printf7.o(i._printf_core) for _printf_core
    printf7.o(i.__0vsnprintf$7) refers to printf7.o(i._snputc) for _snputc
    printf7.o(i.__0vsprintf$7) refers to printf7.o(i._printf_core) for _printf_core
    printf7.o(i.__0vsprintf$7) refers to printf7.o(i._sputc) for _sputc
    printf7.o(i._printf_core) refers to printf7.o(i._printf_pre_padding) for _printf_pre_padding
    printf7.o(i._printf_core) refers to uldiv.o(.text) for __aeabi_uldivmod
    printf7.o(i._printf_core) refers to printf7.o(i._printf_post_padding) for _printf_post_padding
    printf8.o(i.__0fprintf$8) refers to printf8.o(i._printf_core) for _printf_core
    printf8.o(i.__0fprintf$8) refers to usart1.o(.text) for fputc
    printf8.o(i.__0printf$8) refers to printf8.o(i._printf_core) for _printf_core
    printf8.o(i.__0printf$8) refers to usart1.o(.text) for fputc
    printf8.o(i.__0printf$8) refers to stdout.o(.data) for __stdout
    printf8.o(i.__0snprintf$8) refers to printf8.o(i._printf_core) for _printf_core
    printf8.o(i.__0snprintf$8) refers to printf8.o(i._snputc) for _snputc
    printf8.o(i.__0sprintf$8) refers to printf8.o(i._printf_core) for _printf_core
    printf8.o(i.__0sprintf$8) refers to printf8.o(i._sputc) for _sputc
    printf8.o(i.__0vfprintf$8) refers to printf8.o(i._printf_core) for _printf_core
    printf8.o(i.__0vfprintf$8) refers to usart1.o(.text) for fputc
    printf8.o(i.__0vprintf$8) refers to printf8.o(i._printf_core) for _printf_core
    printf8.o(i.__0vprintf$8) refers to usart1.o(.text) for fputc
    printf8.o(i.__0vprintf$8) refers to stdout.o(.data) for __stdout
    printf8.o(i.__0vsnprintf$8) refers to printf8.o(i._printf_core) for _printf_core
    printf8.o(i.__0vsnprintf$8) refers to printf8.o(i._snputc) for _snputc
    printf8.o(i.__0vsprintf$8) refers to printf8.o(i._printf_core) for _printf_core
    printf8.o(i.__0vsprintf$8) refers to printf8.o(i._sputc) for _sputc
    printf8.o(i._printf_core) refers to printf8.o(i._printf_pre_padding) for _printf_pre_padding
    printf8.o(i._printf_core) refers to uldiv.o(.text) for __aeabi_uldivmod
    printf8.o(i._printf_core) refers to printf8.o(i._printf_post_padding) for _printf_post_padding
    printfa.o(i.__0fprintf) refers (Special) to iusefp.o(.text) for __I$use$fp
    printfa.o(i.__0fprintf) refers to printfa.o(i._printf_core) for _printf_core
    printfa.o(i.__0fprintf) refers to usart1.o(.text) for fputc
    printfa.o(i.__0printf) refers (Special) to iusefp.o(.text) for __I$use$fp
    printfa.o(i.__0printf) refers to printfa.o(i._printf_core) for _printf_core
    printfa.o(i.__0printf) refers to usart1.o(.text) for fputc
    printfa.o(i.__0printf) refers to stdout.o(.data) for __stdout
    printfa.o(i.__0snprintf) refers (Special) to iusefp.o(.text) for __I$use$fp
    printfa.o(i.__0snprintf) refers to printfa.o(i._printf_core) for _printf_core
    printfa.o(i.__0snprintf) refers to printfa.o(i._snputc) for _snputc
    printfa.o(i.__0sprintf) refers (Special) to iusefp.o(.text) for __I$use$fp
    printfa.o(i.__0sprintf) refers to printfa.o(i._printf_core) for _printf_core
    printfa.o(i.__0sprintf) refers to printfa.o(i._sputc) for _sputc
    printfa.o(i.__0vfprintf) refers (Special) to iusefp.o(.text) for __I$use$fp
    printfa.o(i.__0vfprintf) refers to printfa.o(i._printf_core) for _printf_core
    printfa.o(i.__0vfprintf) refers to usart1.o(.text) for fputc
    printfa.o(i.__0vprintf) refers (Special) to iusefp.o(.text) for __I$use$fp
    printfa.o(i.__0vprintf) refers to printfa.o(i._printf_core) for _printf_core
    printfa.o(i.__0vprintf) refers to usart1.o(.text) for fputc
    printfa.o(i.__0vprintf) refers to stdout.o(.data) for __stdout
    printfa.o(i.__0vsnprintf) refers (Special) to iusefp.o(.text) for __I$use$fp
    printfa.o(i.__0vsnprintf) refers to printfa.o(i._printf_core) for _printf_core
    printfa.o(i.__0vsnprintf) refers to printfa.o(i._snputc) for _snputc
    printfa.o(i.__0vsprintf) refers (Special) to iusefp.o(.text) for __I$use$fp
    printfa.o(i.__0vsprintf) refers to printfa.o(i._printf_core) for _printf_core
    printfa.o(i.__0vsprintf) refers to printfa.o(i._sputc) for _sputc
    printfa.o(i._fp_digits) refers (Special) to iusefp.o(.text) for __I$use$fp
    printfa.o(i._fp_digits) refers to dmul.o(.text) for __aeabi_dmul
    printfa.o(i._fp_digits) refers to ddiv.o(.text) for __aeabi_ddiv
    printfa.o(i._fp_digits) refers to cdrcmple.o(.text) for __aeabi_cdrcmple
    printfa.o(i._fp_digits) refers to dadd.o(.text) for __aeabi_dadd
    printfa.o(i._fp_digits) refers to dfixul.o(.text) for __aeabi_d2ulz
    printfa.o(i._fp_digits) refers to uldiv.o(.text) for __aeabi_uldivmod
    printfa.o(i._printf_core) refers (Special) to iusefp.o(.text) for __I$use$fp
    printfa.o(i._printf_core) refers to printfa.o(i._printf_pre_padding) for _printf_pre_padding
    printfa.o(i._printf_core) refers to uldiv.o(.text) for __aeabi_uldivmod
    printfa.o(i._printf_core) refers to printfa.o(i._printf_post_padding) for _printf_post_padding
    printfa.o(i._printf_core) refers to printfa.o(i._fp_digits) for _fp_digits
    printfa.o(i._printf_core) refers to uidiv.o(.text) for __aeabi_uidivmod
    printfa.o(i._printf_post_padding) refers (Special) to iusefp.o(.text) for __I$use$fp
    printfa.o(i._printf_pre_padding) refers (Special) to iusefp.o(.text) for __I$use$fp
    printfa.o(i._snputc) refers (Special) to iusefp.o(.text) for __I$use$fp
    printfa.o(i._sputc) refers (Special) to iusefp.o(.text) for __I$use$fp
    fadd.o(.text) refers (Special) to iusefp.o(.text) for __I$use$fp
    fadd.o(.text) refers to fepilogue.o(.text) for _float_epilogue
    fmul.o(.text) refers (Special) to iusefp.o(.text) for __I$use$fp
    fdiv.o(.text) refers (Special) to iusefp.o(.text) for __I$use$fp
    fdiv.o(.text) refers to fepilogue.o(.text) for _float_round
    ffltui.o(.text) refers (Special) to iusefp.o(.text) for __I$use$fp
    ffltui.o(.text) refers to fepilogue.o(.text) for _float_epilogue
    ffixi.o(.text) refers (Special) to iusefp.o(.text) for __I$use$fp
    ffixui.o(.text) refers (Special) to iusefp.o(.text) for __I$use$fp
    cfcmple.o(.text) refers (Special) to iusefp.o(.text) for __I$use$fp
    cfrcmple.o(.text) refers (Special) to iusefp.o(.text) for __I$use$fp
    entry2.o(.ARM.Collect$$$$00000001) refers to entry2.o(.ARM.Collect$$$$00002712) for __lit__00000000
    entry2.o(.ARM.Collect$$$$00002712) refers to startup_stm32f10x_hd.o(STACK) for __initial_sp
    entry2.o(__vectab_stack_and_reset_area) refers to startup_stm32f10x_hd.o(STACK) for __initial_sp
    entry2.o(__vectab_stack_and_reset_area) refers to entry.o(.ARM.Collect$$$$00000000) for __main
    entry5.o(.ARM.Collect$$$$00000004) refers to init.o(.text) for __scatterload
    entry7.o(.ARM.Collect$$$$00000007) refers to main.o(.text) for main
    uldiv.o(.text) refers to llushr.o(.text) for __aeabi_llsr
    uldiv.o(.text) refers to llshl.o(.text) for __aeabi_llsl
    dadd.o(.text) refers to llshl.o(.text) for __aeabi_llsl
    dadd.o(.text) refers to llsshr.o(.text) for __aeabi_lasr
    dadd.o(.text) refers to depilogue.o(.text) for _double_epilogue
    dmul.o(.text) refers to depilogue.o(.text) for _double_epilogue
    ddiv.o(.text) refers to depilogue.o(.text) for _double_round
    dfixul.o(.text) refers to llushr.o(.text) for __aeabi_llsr
    dfixul.o(.text) refers to llshl.o(.text) for __aeabi_llsl
    init.o(.text) refers to entry5.o(.ARM.Collect$$$$00000004) for __main_after_scatterload
    depilogue.o(.text) refers to llshl.o(.text) for __aeabi_llsl
    depilogue.o(.text) refers to llushr.o(.text) for __aeabi_llsr


==============================================================================

Removing Unused input sections from the image.

    Removing exti.o(.text), (112 bytes).
    Removing key.o(.text), (108 bytes).
    Removing led.o(.text), (52 bytes).
    Removing wave1.o(.text), (228 bytes).
    Removing wave2.o(.text), (184 bytes).
    Removing wave2.o(.data), (4 bytes).
    Removing wave3.o(.text), (160 bytes).
    Removing protocol.o(.text), (236 bytes).
    Removing protocol.o(.bss), (40 bytes).
    Removing stm32f10x_adc.o(.text), (1088 bytes).
    Removing stm32f10x_bkp.o(.text), (196 bytes).
    Removing stm32f10x_can.o(.text), (2580 bytes).
    Removing stm32f10x_cec.o(.text), (312 bytes).
    Removing stm32f10x_crc.o(.text), (72 bytes).
    Removing stm32f10x_dac.o(.text), (424 bytes).
    Removing stm32f10x_dbgmcu.o(.text), (48 bytes).
    Removing stm32f10x_dma.o(.text), (584 bytes).
    Removing stm32f10x_exti.o(.text), (316 bytes).
    Removing stm32f10x_flash.o(.text), (1480 bytes).
    Removing stm32f10x_fsmc.o(.text), (1560 bytes).
    Removing stm32f10x_i2c.o(.text), (1008 bytes).
    Removing stm32f10x_iwdg.o(.text), (64 bytes).
    Removing stm32f10x_pwr.o(.text), (216 bytes).
    Removing stm32f10x_rtc.o(.text), (376 bytes).
    Removing stm32f10x_sdio.o(.text), (472 bytes).
    Removing stm32f10x_spi.o(.text), (784 bytes).
    Removing stm32f10x_wwdg.o(.text), (136 bytes).
    Removing startup_stm32f10x_hd.o(HEAP), (512 bytes).
    Removing core_cm3.o(.emb_text), (32 bytes).
    Removing dadd.o(.text), (330 bytes).
    Removing dmul.o(.text), (226 bytes).
    Removing ddiv.o(.text), (222 bytes).
    Removing dfixul.o(.text), (48 bytes).
    Removing cdrcmple.o(.text), (40 bytes).
    Removing depilogue.o(.text), (194 bytes).

35 unused section(s) (total 14444 bytes) removed from the image.

==============================================================================

Image Symbol Table

    Local Symbols

    Symbol Name                              Value     Ov Type        Size  Object(Section)

    ../../microlib/division.c                0x00000000   Number         0  uidiv.o ABSOLUTE
    ../../microlib/division.c                0x00000000   Number         0  uldiv.o ABSOLUTE
    ../../microlib/fpadd.c                   0x00000000   Number         0  dadd.o ABSOLUTE
    ../../microlib/fpadd.c                   0x00000000   Number         0  fadd.o ABSOLUTE
    ../../microlib/fpdiv.c                   0x00000000   Number         0  fdiv.o ABSOLUTE
    ../../microlib/fpdiv.c                   0x00000000   Number         0  ddiv.o ABSOLUTE
    ../../microlib/fpepilogue.c              0x00000000   Number         0  fepilogue.o ABSOLUTE
    ../../microlib/fpepilogue.c              0x00000000   Number         0  depilogue.o ABSOLUTE
    ../../microlib/fpfix.c                   0x00000000   Number         0  ffixui.o ABSOLUTE
    ../../microlib/fpfix.c                   0x00000000   Number         0  dfixul.o ABSOLUTE
    ../../microlib/fpfix.c                   0x00000000   Number         0  ffixi.o ABSOLUTE
    ../../microlib/fpflt.c                   0x00000000   Number         0  ffltui.o ABSOLUTE
    ../../microlib/fpmul.c                   0x00000000   Number         0  dmul.o ABSOLUTE
    ../../microlib/fpmul.c                   0x00000000   Number         0  fmul.o ABSOLUTE
    ../../microlib/init/entry.s              0x00000000   Number         0  entry7.o ABSOLUTE
    ../../microlib/init/entry.s              0x00000000   Number         0  entry5.o ABSOLUTE
    ../../microlib/init/entry.s              0x00000000   Number         0  entry.o ABSOLUTE
    ../../microlib/init/entry.s              0x00000000   Number         0  entry2.o ABSOLUTE
    ../../microlib/longlong.c                0x00000000   Number         0  llsshr.o ABSOLUTE
    ../../microlib/longlong.c                0x00000000   Number         0  llushr.o ABSOLUTE
    ../../microlib/longlong.c                0x00000000   Number         0  llshl.o ABSOLUTE
    ../../microlib/printf/printf.c           0x00000000   Number         0  printfb.o ABSOLUTE
    ../../microlib/printf/printf.c           0x00000000   Number         0  printf4.o ABSOLUTE
    ../../microlib/printf/printf.c           0x00000000   Number         0  printf5.o ABSOLUTE
    ../../microlib/printf/printf.c           0x00000000   Number         0  printf6.o ABSOLUTE
    ../../microlib/printf/printf.c           0x00000000   Number         0  printf7.o ABSOLUTE
    ../../microlib/printf/printf.c           0x00000000   Number         0  printfa.o ABSOLUTE
    ../../microlib/printf/printf.c           0x00000000   Number         0  printf8.o ABSOLUTE
    ../../microlib/printf/printf.c           0x00000000   Number         0  printf3.o ABSOLUTE
    ../../microlib/printf/printf.c           0x00000000   Number         0  printf2.o ABSOLUTE
    ../../microlib/printf/printf.c           0x00000000   Number         0  printf1.o ABSOLUTE
    ../../microlib/printf/printf.c           0x00000000   Number         0  printf0.o ABSOLUTE
    ../../microlib/printf/stubs.s            0x00000000   Number         0  stubs.o ABSOLUTE
    ../../microlib/stdio/streams.c           0x00000000   Number         0  stdout.o ABSOLUTE
    ../../microlib/string/memset.c           0x00000000   Number         0  memseta.o ABSOLUTE
    ../../microlib/stubs.s                   0x00000000   Number         0  iusefp.o ABSOLUTE
    ..\..\Libraries\CMSIS\core_cm3.c         0x00000000   Number         0  core_cm3.o ABSOLUTE
    ..\..\Libraries\CMSIS\startup\startup_stm32f10x_hd.s 0x00000000   Number         0  startup_stm32f10x_hd.o ABSOLUTE
    ..\..\Libraries\CMSIS\system_stm32f10x.c 0x00000000   Number         0  system_stm32f10x.o ABSOLUTE
    ..\..\Libraries\FWlib\src\misc.c         0x00000000   Number         0  misc.o ABSOLUTE
    ..\..\Libraries\FWlib\src\stm32f10x_adc.c 0x00000000   Number         0  stm32f10x_adc.o ABSOLUTE
    ..\..\Libraries\FWlib\src\stm32f10x_bkp.c 0x00000000   Number         0  stm32f10x_bkp.o ABSOLUTE
    ..\..\Libraries\FWlib\src\stm32f10x_can.c 0x00000000   Number         0  stm32f10x_can.o ABSOLUTE
    ..\..\Libraries\FWlib\src\stm32f10x_cec.c 0x00000000   Number         0  stm32f10x_cec.o ABSOLUTE
    ..\..\Libraries\FWlib\src\stm32f10x_crc.c 0x00000000   Number         0  stm32f10x_crc.o ABSOLUTE
    ..\..\Libraries\FWlib\src\stm32f10x_dac.c 0x00000000   Number         0  stm32f10x_dac.o ABSOLUTE
    ..\..\Libraries\FWlib\src\stm32f10x_dbgmcu.c 0x00000000   Number         0  stm32f10x_dbgmcu.o ABSOLUTE
    ..\..\Libraries\FWlib\src\stm32f10x_dma.c 0x00000000   Number         0  stm32f10x_dma.o ABSOLUTE
    ..\..\Libraries\FWlib\src\stm32f10x_exti.c 0x00000000   Number         0  stm32f10x_exti.o ABSOLUTE
    ..\..\Libraries\FWlib\src\stm32f10x_flash.c 0x00000000   Number         0  stm32f10x_flash.o ABSOLUTE
    ..\..\Libraries\FWlib\src\stm32f10x_fsmc.c 0x00000000   Number         0  stm32f10x_fsmc.o ABSOLUTE
    ..\..\Libraries\FWlib\src\stm32f10x_gpio.c 0x00000000   Number         0  stm32f10x_gpio.o ABSOLUTE
    ..\..\Libraries\FWlib\src\stm32f10x_i2c.c 0x00000000   Number         0  stm32f10x_i2c.o ABSOLUTE
    ..\..\Libraries\FWlib\src\stm32f10x_iwdg.c 0x00000000   Number         0  stm32f10x_iwdg.o ABSOLUTE
    ..\..\Libraries\FWlib\src\stm32f10x_pwr.c 0x00000000   Number         0  stm32f10x_pwr.o ABSOLUTE
    ..\..\Libraries\FWlib\src\stm32f10x_rcc.c 0x00000000   Number         0  stm32f10x_rcc.o ABSOLUTE
    ..\..\Libraries\FWlib\src\stm32f10x_rtc.c 0x00000000   Number         0  stm32f10x_rtc.o ABSOLUTE
    ..\..\Libraries\FWlib\src\stm32f10x_sdio.c 0x00000000   Number         0  stm32f10x_sdio.o ABSOLUTE
    ..\..\Libraries\FWlib\src\stm32f10x_spi.c 0x00000000   Number         0  stm32f10x_spi.o ABSOLUTE
    ..\..\Libraries\FWlib\src\stm32f10x_tim.c 0x00000000   Number         0  stm32f10x_tim.o ABSOLUTE
    ..\..\Libraries\FWlib\src\stm32f10x_usart.c 0x00000000   Number         0  stm32f10x_usart.o ABSOLUTE
    ..\..\Libraries\FWlib\src\stm32f10x_wwdg.c 0x00000000   Number         0  stm32f10x_wwdg.o ABSOLUTE
    ..\..\User\buzzer.c                      0x00000000   Number         0  buzzer.o ABSOLUTE
    ..\..\User\communication.c               0x00000000   Number         0  communication.o ABSOLUTE
    ..\..\User\delay.c                       0x00000000   Number         0  delay.o ABSOLUTE
    ..\..\User\exti.c                        0x00000000   Number         0  exti.o ABSOLUTE
    ..\..\User\function.c                    0x00000000   Number         0  function.o ABSOLUTE
    ..\..\User\infrared.c                    0x00000000   Number         0  infrared.o ABSOLUTE
    ..\..\User\key.c                         0x00000000   Number         0  key.o ABSOLUTE
    ..\..\User\led.c                         0x00000000   Number         0  led.o ABSOLUTE
    ..\..\User\main.c                        0x00000000   Number         0  main.o ABSOLUTE
    ..\..\User\protocol.c                    0x00000000   Number         0  protocol.o ABSOLUTE
    ..\..\User\pwmMoter.c                    0x00000000   Number         0  pwmmoter.o ABSOLUTE
    ..\..\User\stepperMoter.c                0x00000000   Number         0  steppermoter.o ABSOLUTE
    ..\..\User\stm32f10x_it.c                0x00000000   Number         0  stm32f10x_it.o ABSOLUTE
    ..\..\User\time.c                        0x00000000   Number         0  time.o ABSOLUTE
    ..\..\User\usart1.c                      0x00000000   Number         0  usart1.o ABSOLUTE
    ..\..\User\wave1.c                       0x00000000   Number         0  wave1.o ABSOLUTE
    ..\..\User\wave2.c                       0x00000000   Number         0  wave2.o ABSOLUTE
    ..\..\User\wave3.c                       0x00000000   Number         0  wave3.o ABSOLUTE
    ..\\..\\Libraries\\CMSIS\\core_cm3.c     0x00000000   Number         0  core_cm3.o ABSOLUTE
    cdrcmple.s                               0x00000000   Number         0  cdrcmple.o ABSOLUTE
    cfcmple.s                                0x00000000   Number         0  cfcmple.o ABSOLUTE
    cfrcmple.s                               0x00000000   Number         0  cfrcmple.o ABSOLUTE
    dc.s                                     0x00000000   Number         0  dc.o ABSOLUTE
    handlers.s                               0x00000000   Number         0  handlers.o ABSOLUTE
    init.s                                   0x00000000   Number         0  init.o ABSOLUTE
    RESET                                    0x08000000   Section      304  startup_stm32f10x_hd.o(RESET)
    .ARM.Collect$$$$00000000                 0x08000130   Section        0  entry.o(.ARM.Collect$$$$00000000)
    .ARM.Collect$$$$00000001                 0x08000130   Section        4  entry2.o(.ARM.Collect$$$$00000001)
    .ARM.Collect$$$$00000004                 0x08000134   Section        4  entry5.o(.ARM.Collect$$$$00000004)
    .ARM.Collect$$$$00000007                 0x08000138   Section        8  entry7.o(.ARM.Collect$$$$00000007)
    .ARM.Collect$$$$00002712                 0x08000140   Section        4  entry2.o(.ARM.Collect$$$$00002712)
    __lit__00000000                          0x08000140   Data           4  entry2.o(.ARM.Collect$$$$00002712)
    .text                                    0x08000144   Section        0  main.o(.text)
    .text                                    0x080001fc   Section        0  stm32f10x_it.o(.text)
    .text                                    0x0800021c   Section        0  usart1.o(.text)
    .text                                    0x08000350   Section        0  time.o(.text)
    .text                                    0x080007bc   Section        0  delay.o(.text)
    .text                                    0x08000868   Section        0  infrared.o(.text)
    .text                                    0x080008e8   Section        0  steppermoter.o(.text)
    .text                                    0x08000e00   Section        0  pwmmoter.o(.text)
    .text                                    0x08001400   Section        0  buzzer.o(.text)
    .text                                    0x08001434   Section        0  communication.o(.text)
    .text                                    0x08001d80   Section        0  function.o(.text)
    .text                                    0x08002204   Section        0  misc.o(.text)
    .text                                    0x080022fc   Section        0  stm32f10x_gpio.o(.text)
    .text                                    0x08002654   Section        0  stm32f10x_rcc.o(.text)
    .text                                    0x080029f8   Section        0  stm32f10x_tim.o(.text)
    TI4_Config                               0x08002e81   Thumb Code   118  stm32f10x_tim.o(.text)
    TI3_Config                               0x08002f09   Thumb Code   114  stm32f10x_tim.o(.text)
    TI2_Config                               0x08002f91   Thumb Code   118  stm32f10x_tim.o(.text)
    TI1_Config                               0x08003019   Thumb Code   106  stm32f10x_tim.o(.text)
    .text                                    0x080037a8   Section        0  stm32f10x_usart.o(.text)
    .text                                    0x08003bb4   Section       36  startup_stm32f10x_hd.o(.text)
    .text                                    0x08003bd8   Section        0  system_stm32f10x.o(.text)
    SetSysClockTo72                          0x08003bd9   Thumb Code   192  system_stm32f10x.o(.text)
    SetSysClock                              0x08003c99   Thumb Code     8  system_stm32f10x.o(.text)
    .text                                    0x08003da0   Section        0  memseta.o(.text)
    .text                                    0x08003dc6   Section        0  fadd.o(.text)
    .text                                    0x08003e76   Section        0  fmul.o(.text)
    .text                                    0x08003ee2   Section        0  fdiv.o(.text)
    .text                                    0x08003f62   Section        0  ffltui.o(.text)
    .text                                    0x08003f6c   Section        0  ffixi.o(.text)
    .text                                    0x08003f9e   Section        0  ffixui.o(.text)
    .text                                    0x08003fc8   Section       20  cfcmple.o(.text)
    .text                                    0x08003fdc   Section       20  cfrcmple.o(.text)
    .text                                    0x08003ff0   Section        0  uidiv.o(.text)
    .text                                    0x0800401c   Section        0  iusefp.o(.text)
    .text                                    0x0800401c   Section        0  fepilogue.o(.text)
    .text                                    0x0800408c   Section       36  init.o(.text)
    i.__0printf$3                            0x080040b0   Section        0  printf3.o(i.__0printf$3)
    i.__scatterload_copy                     0x080040d0   Section       14  handlers.o(i.__scatterload_copy)
    i.__scatterload_null                     0x080040de   Section        2  handlers.o(i.__scatterload_null)
    i.__scatterload_zeroinit                 0x080040e0   Section       14  handlers.o(i.__scatterload_zeroinit)
    i._printf_core                           0x080040f0   Section        0  printf3.o(i._printf_core)
    _printf_core                             0x080040f1   Thumb Code   430  printf3.o(i._printf_core)
    .constdata                               0x080042a4   Section       92  function.o(.constdata)
    .data                                    0x20000000   Section        2  main.o(.data)
    .data                                    0x20000004   Section       52  time.o(.data)
    .data                                    0x20000038   Section        4  delay.o(.data)
    TimingDelay                              0x20000038   Data           4  delay.o(.data)
    .data                                    0x2000003c   Section        4  infrared.o(.data)
    .data                                    0x20000040   Section       12  pwmmoter.o(.data)
    .data                                    0x2000004c   Section       24  function.o(.data)
    .data                                    0x20000064   Section       20  stm32f10x_rcc.o(.data)
    APBAHBPrescTable                         0x20000064   Data          16  stm32f10x_rcc.o(.data)
    ADCPrescTable                            0x20000074   Data           4  stm32f10x_rcc.o(.data)
    .data                                    0x20000078   Section       20  system_stm32f10x.o(.data)
    .data                                    0x2000008c   Section        4  stdout.o(.data)
    .bss                                     0x20000090   Section       15  main.o(.bss)
    .bss                                     0x200000a0   Section       72  communication.o(.bss)
    .bss                                     0x200000e8   Section      800  function.o(.bss)
    STACK                                    0x20000408   Section     1024  startup_stm32f10x_hd.o(STACK)

    Global Symbols

    Symbol Name                              Value     Ov Type        Size  Object(Section)

    BuildAttributes$$THM_ISAv4$P$D$K$B$S$PE$A:L22UL41UL21$X:L11$S22US41US21$IEEE1$IW$USESV6$~STKCKD$USESV7$~SHL$OTIME$ROPI$EBA8$MICROLIB$REQ8$PRES8$EABIv2 0x00000000   Number         0  anon$$obj.o ABSOLUTE
    __ARM_use_no_argv                        0x00000000   Number         0  main.o ABSOLUTE
    _printf_a                                0x00000000   Number         0  stubs.o ABSOLUTE
    _printf_c                                0x00000000   Number         0  stubs.o ABSOLUTE
    _printf_charcount                        0x00000000   Number         0  stubs.o ABSOLUTE
    _printf_d                                0x00000000   Number         0  stubs.o ABSOLUTE
    _printf_e                                0x00000000   Number         0  stubs.o ABSOLUTE
    _printf_f                                0x00000000   Number         0  stubs.o ABSOLUTE
    _printf_flags                            0x00000000   Number         0  stubs.o ABSOLUTE
    _printf_fp_dec                           0x00000000   Number         0  stubs.o ABSOLUTE
    _printf_fp_hex                           0x00000000   Number         0  stubs.o ABSOLUTE
    _printf_g                                0x00000000   Number         0  stubs.o ABSOLUTE
    _printf_i                                0x00000000   Number         0  stubs.o ABSOLUTE
    _printf_int_dec                          0x00000000   Number         0  stubs.o ABSOLUTE
    _printf_l                                0x00000000   Number         0  stubs.o ABSOLUTE
    _printf_lc                               0x00000000   Number         0  stubs.o ABSOLUTE
    _printf_ll                               0x00000000   Number         0  stubs.o ABSOLUTE
    _printf_lld                              0x00000000   Number         0  stubs.o ABSOLUTE
    _printf_lli                              0x00000000   Number         0  stubs.o ABSOLUTE
    _printf_llo                              0x00000000   Number         0  stubs.o ABSOLUTE
    _printf_llu                              0x00000000   Number         0  stubs.o ABSOLUTE
    _printf_llx                              0x00000000   Number         0  stubs.o ABSOLUTE
    _printf_longlong_dec                     0x00000000   Number         0  stubs.o ABSOLUTE
    _printf_longlong_hex                     0x00000000   Number         0  stubs.o ABSOLUTE
    _printf_longlong_oct                     0x00000000   Number         0  stubs.o ABSOLUTE
    _printf_ls                               0x00000000   Number         0  stubs.o ABSOLUTE
    _printf_mbtowc                           0x00000000   Number         0  stubs.o ABSOLUTE
    _printf_n                                0x00000000   Number         0  stubs.o ABSOLUTE
    _printf_o                                0x00000000   Number         0  stubs.o ABSOLUTE
    _printf_p                                0x00000000   Number         0  stubs.o ABSOLUTE
    _printf_percent                          0x00000000   Number         0  stubs.o ABSOLUTE
    _printf_pre_padding                      0x00000000   Number         0  stubs.o ABSOLUTE
    _printf_return_value                     0x00000000   Number         0  stubs.o ABSOLUTE
    _printf_s                                0x00000000   Number         0  stubs.o ABSOLUTE
    _printf_sizespec                         0x00000000   Number         0  stubs.o ABSOLUTE
    _printf_str                              0x00000000   Number         0  stubs.o ABSOLUTE
    _printf_truncate_signed                  0x00000000   Number         0  stubs.o ABSOLUTE
    _printf_truncate_unsigned                0x00000000   Number         0  stubs.o ABSOLUTE
    _printf_u                                0x00000000   Number         0  stubs.o ABSOLUTE
    _printf_wc                               0x00000000   Number         0  stubs.o ABSOLUTE
    _printf_wctomb                           0x00000000   Number         0  stubs.o ABSOLUTE
    _printf_widthprec                        0x00000000   Number         0  stubs.o ABSOLUTE
    _printf_x                                0x00000000   Number         0  stubs.o ABSOLUTE
    __decompress                              - Undefined Weak Reference
    __Vectors_Size                           0x00000130   Number         0  startup_stm32f10x_hd.o ABSOLUTE
    __Vectors                                0x08000000   Data           4  startup_stm32f10x_hd.o(RESET)
    __Vectors_End                            0x08000130   Data           0  startup_stm32f10x_hd.o(RESET)
    __main                                   0x08000131   Thumb Code     0  entry.o(.ARM.Collect$$$$00000000)
    _main_stk                                0x08000131   Thumb Code     0  entry2.o(.ARM.Collect$$$$00000001)
    _main_scatterload                        0x08000135   Thumb Code     0  entry5.o(.ARM.Collect$$$$00000004)
    __main_after_scatterload                 0x08000139   Thumb Code     0  entry5.o(.ARM.Collect$$$$00000004)
    _main_init                               0x08000139   Thumb Code     0  entry7.o(.ARM.Collect$$$$00000007)
    main                                     0x08000145   Thumb Code    80  main.o(.text)
    USART1_IRQHandler                        0x08000195   Thumb Code    76  main.o(.text)
    NMI_Handler                              0x080001fd   Thumb Code     2  stm32f10x_it.o(.text)
    HardFault_Handler                        0x080001ff   Thumb Code     4  stm32f10x_it.o(.text)
    MemManage_Handler                        0x08000203   Thumb Code     4  stm32f10x_it.o(.text)
    BusFault_Handler                         0x08000207   Thumb Code     4  stm32f10x_it.o(.text)
    UsageFault_Handler                       0x0800020b   Thumb Code     4  stm32f10x_it.o(.text)
    SVC_Handler                              0x0800020f   Thumb Code     2  stm32f10x_it.o(.text)
    DebugMon_Handler                         0x08000211   Thumb Code     2  stm32f10x_it.o(.text)
    PendSV_Handler                           0x08000213   Thumb Code     2  stm32f10x_it.o(.text)
    SysTick_Handler                          0x08000215   Thumb Code     8  stm32f10x_it.o(.text)
    USART1GPIO_Init                          0x0800021d   Thumb Code    62  usart1.o(.text)
    USART1_Config                            0x0800025b   Thumb Code   110  usart1.o(.text)
    USART1_Init                              0x080002c9   Thumb Code    12  usart1.o(.text)
    fputc                                    0x080002d5   Thumb Code    32  usart1.o(.text)
    fgetc                                    0x080002f5   Thumb Code    26  usart1.o(.text)
    USART1_send_char                         0x0800030f   Thumb Code    30  usart1.o(.text)
    USART1_send_data                         0x0800032d   Thumb Code    28  usart1.o(.text)
    Time_Init                                0x08000351   Thumb Code   108  time.o(.text)
    Time4_Init                               0x080003bd   Thumb Code   282  time.o(.text)
    TIM4_IRQHandler                          0x080004d7   Thumb Code   654  time.o(.text)
    SysTick_Init                             0x080007bd   Thumb Code   102  delay.o(.text)
    Delay_us                                 0x08000823   Thumb Code    32  delay.o(.text)
    TimingDelay_Decrement                    0x08000843   Thumb Code    18  delay.o(.text)
    Infrared_Init                            0x08000869   Thumb Code    38  infrared.o(.text)
    Read_Infrared                            0x0800088f   Thumb Code    82  infrared.o(.text)
    TIM5GPIO_Init                            0x080008e9   Thumb Code    38  steppermoter.o(.text)
    Tim5_Configuration                       0x0800090f   Thumb Code   190  steppermoter.o(.text)
    TIM5_Init                                0x080009cd   Thumb Code    12  steppermoter.o(.text)
    TIM4GPIO_Init                            0x080009d9   Thumb Code    40  steppermoter.o(.text)
    Tim4_Configuration                       0x08000a01   Thumb Code   190  steppermoter.o(.text)
    TIM4_Init                                0x08000abf   Thumb Code    12  steppermoter.o(.text)
    TIM1GPIO_Init                            0x08000acb   Thumb Code    48  steppermoter.o(.text)
    Tim1_Configuration                       0x08000afb   Thumb Code   206  steppermoter.o(.text)
    TIM1_Init                                0x08000bc9   Thumb Code    12  steppermoter.o(.text)
    TIM8GPIO_Init                            0x08000bd5   Thumb Code    40  steppermoter.o(.text)
    Tim8_Configuration                       0x08000bfd   Thumb Code   200  steppermoter.o(.text)
    TIM8_Init                                0x08000cc5   Thumb Code    12  steppermoter.o(.text)
    stepperMoterInit                         0x08000cd1   Thumb Code    56  steppermoter.o(.text)
    setAllSteeringEngine                     0x08000d09   Thumb Code   230  steppermoter.o(.text)
    TIM3GPIO_Init                            0x08000e01   Thumb Code    52  pwmmoter.o(.text)
    CarGPIO_Init                             0x08000e35   Thumb Code    80  pwmmoter.o(.text)
    Tim3_Configuration                       0x08000e85   Thumb Code   190  pwmmoter.o(.text)
    Car_Init                                 0x08000f43   Thumb Code    16  pwmmoter.o(.text)
    motor1                                   0x08000f53   Thumb Code    86  pwmmoter.o(.text)
    motor2                                   0x08000fa9   Thumb Code    86  pwmmoter.o(.text)
    motor3                                   0x08000fff   Thumb Code    86  pwmmoter.o(.text)
    motor4                                   0x08001055   Thumb Code    86  pwmmoter.o(.text)
    motor_straight                           0x080010ab   Thumb Code    36  pwmmoter.o(.text)
    motor_back                               0x080010cf   Thumb Code    36  pwmmoter.o(.text)
    motor_left                               0x080010f3   Thumb Code    36  pwmmoter.o(.text)
    motor_right                              0x08001117   Thumb Code    36  pwmmoter.o(.text)
    motor_stop                               0x0800113b   Thumb Code    50  pwmmoter.o(.text)
    motor_stopRightLeft                      0x0800116d   Thumb Code    24  pwmmoter.o(.text)
    motor_stopStraightBack                   0x08001185   Thumb Code    24  pwmmoter.o(.text)
    motor_leftRound                          0x0800119d   Thumb Code   124  pwmmoter.o(.text)
    motor_leftRound1                         0x08001219   Thumb Code    44  pwmmoter.o(.text)
    motor_rightRound1                        0x08001245   Thumb Code    44  pwmmoter.o(.text)
    motor_rightRound                         0x08001271   Thumb Code   106  pwmmoter.o(.text)
    motor_rightStraight                      0x080012db   Thumb Code    60  pwmmoter.o(.text)
    motor_leftStraight                       0x08001317   Thumb Code    60  pwmmoter.o(.text)
    motor_leftBack                           0x08001353   Thumb Code    60  pwmmoter.o(.text)
    motor_rightBack                          0x0800138f   Thumb Code    60  pwmmoter.o(.text)
    moter_1_1                                0x080013cb   Thumb Code    44  pwmmoter.o(.text)
    buzzerInit                               0x08001401   Thumb Code    46  buzzer.o(.text)
    Kinect_Init                              0x08001435   Thumb Code    20  communication.o(.text)
    Pow                                      0x08001449   Thumb Code    26  communication.o(.text)
    getNumber                                0x08001463   Thumb Code   118  communication.o(.text)
    Kinect_Analyze                           0x080014d9   Thumb Code   462  communication.o(.text)
    Motor_Analyze                            0x080016a7   Thumb Code   972  communication.o(.text)
    function_Analyze                         0x08001a73   Thumb Code    50  communication.o(.text)
    specialAction_Analyze                    0x08001aa5   Thumb Code    50  communication.o(.text)
    steeringEngine_Analyze                   0x08001ad7   Thumb Code   256  communication.o(.text)
    communicationProtocol                    0x08001bd7   Thumb Code   108  communication.o(.text)
    Function_Add_Son                         0x08001d81   Thumb Code   154  function.o(.text)
    Function_Add                             0x08001e1b   Thumb Code    20  function.o(.text)
    Function_Init                            0x08001e2f   Thumb Code   280  function.o(.text)
    Function_Do                              0x08001f47   Thumb Code   472  function.o(.text)
    testAllFunction                          0x0800211f   Thumb Code    44  function.o(.text)
    displayAllSteer                          0x0800214b   Thumb Code    32  function.o(.text)
    NVIC_PriorityGroupConfig                 0x08002205   Thumb Code    10  misc.o(.text)
    NVIC_Init                                0x0800220f   Thumb Code   118  misc.o(.text)
    NVIC_SetVectorTable                      0x08002285   Thumb Code    12  misc.o(.text)
    NVIC_SystemLPConfig                      0x08002291   Thumb Code    38  misc.o(.text)
    SysTick_CLKSourceConfig                  0x080022b7   Thumb Code    40  misc.o(.text)
    GPIO_DeInit                              0x080022fd   Thumb Code   172  stm32f10x_gpio.o(.text)
    GPIO_AFIODeInit                          0x080023a9   Thumb Code    20  stm32f10x_gpio.o(.text)
    GPIO_Init                                0x080023bd   Thumb Code   274  stm32f10x_gpio.o(.text)
    GPIO_StructInit                          0x080024cf   Thumb Code    16  stm32f10x_gpio.o(.text)
    GPIO_ReadInputDataBit                    0x080024df   Thumb Code    18  stm32f10x_gpio.o(.text)
    GPIO_ReadInputData                       0x080024f1   Thumb Code     8  stm32f10x_gpio.o(.text)
    GPIO_ReadOutputDataBit                   0x080024f9   Thumb Code    18  stm32f10x_gpio.o(.text)
    GPIO_ReadOutputData                      0x0800250b   Thumb Code     8  stm32f10x_gpio.o(.text)
    GPIO_SetBits                             0x08002513   Thumb Code     4  stm32f10x_gpio.o(.text)
    GPIO_ResetBits                           0x08002517   Thumb Code     4  stm32f10x_gpio.o(.text)
    GPIO_WriteBit                            0x0800251b   Thumb Code    10  stm32f10x_gpio.o(.text)
    GPIO_Write                               0x08002525   Thumb Code     4  stm32f10x_gpio.o(.text)
    GPIO_PinLockConfig                       0x08002529   Thumb Code    18  stm32f10x_gpio.o(.text)
    GPIO_EventOutputConfig                   0x0800253b   Thumb Code    26  stm32f10x_gpio.o(.text)
    GPIO_EventOutputCmd                      0x08002555   Thumb Code     6  stm32f10x_gpio.o(.text)
    GPIO_PinRemapConfig                      0x0800255b   Thumb Code   138  stm32f10x_gpio.o(.text)
    GPIO_EXTILineConfig                      0x080025e5   Thumb Code    66  stm32f10x_gpio.o(.text)
    GPIO_ETH_MediaInterfaceConfig            0x08002627   Thumb Code     6  stm32f10x_gpio.o(.text)
    RCC_DeInit                               0x08002655   Thumb Code    64  stm32f10x_rcc.o(.text)
    RCC_HSEConfig                            0x08002695   Thumb Code    70  stm32f10x_rcc.o(.text)
    RCC_GetFlagStatus                        0x080026db   Thumb Code    56  stm32f10x_rcc.o(.text)
    RCC_WaitForHSEStartUp                    0x08002713   Thumb Code    48  stm32f10x_rcc.o(.text)
    RCC_AdjustHSICalibrationValue            0x08002743   Thumb Code    20  stm32f10x_rcc.o(.text)
    RCC_HSICmd                               0x08002757   Thumb Code     6  stm32f10x_rcc.o(.text)
    RCC_PLLConfig                            0x0800275d   Thumb Code    24  stm32f10x_rcc.o(.text)
    RCC_PLLCmd                               0x08002775   Thumb Code     6  stm32f10x_rcc.o(.text)
    RCC_SYSCLKConfig                         0x0800277b   Thumb Code    18  stm32f10x_rcc.o(.text)
    RCC_GetSYSCLKSource                      0x0800278d   Thumb Code    10  stm32f10x_rcc.o(.text)
    RCC_HCLKConfig                           0x08002797   Thumb Code    18  stm32f10x_rcc.o(.text)
    RCC_PCLK1Config                          0x080027a9   Thumb Code    18  stm32f10x_rcc.o(.text)
    RCC_PCLK2Config                          0x080027bb   Thumb Code    20  stm32f10x_rcc.o(.text)
    RCC_ITConfig                             0x080027cf   Thumb Code    30  stm32f10x_rcc.o(.text)
    RCC_USBCLKConfig                         0x080027ed   Thumb Code     6  stm32f10x_rcc.o(.text)
    RCC_ADCCLKConfig                         0x080027f3   Thumb Code    18  stm32f10x_rcc.o(.text)
    RCC_LSEConfig                            0x08002805   Thumb Code    44  stm32f10x_rcc.o(.text)
    RCC_LSICmd                               0x08002831   Thumb Code     6  stm32f10x_rcc.o(.text)
    RCC_RTCCLKConfig                         0x08002837   Thumb Code    12  stm32f10x_rcc.o(.text)
    RCC_RTCCLKCmd                            0x08002843   Thumb Code     6  stm32f10x_rcc.o(.text)
    RCC_GetClocksFreq                        0x08002849   Thumb Code   192  stm32f10x_rcc.o(.text)
    RCC_AHBPeriphClockCmd                    0x08002909   Thumb Code    26  stm32f10x_rcc.o(.text)
    RCC_APB2PeriphClockCmd                   0x08002923   Thumb Code    26  stm32f10x_rcc.o(.text)
    RCC_APB1PeriphClockCmd                   0x0800293d   Thumb Code    26  stm32f10x_rcc.o(.text)
    RCC_APB2PeriphResetCmd                   0x08002957   Thumb Code    26  stm32f10x_rcc.o(.text)
    RCC_APB1PeriphResetCmd                   0x08002971   Thumb Code    26  stm32f10x_rcc.o(.text)
    RCC_BackupResetCmd                       0x0800298b   Thumb Code     6  stm32f10x_rcc.o(.text)
    RCC_ClockSecuritySystemCmd               0x08002991   Thumb Code     6  stm32f10x_rcc.o(.text)
    RCC_MCOConfig                            0x08002997   Thumb Code     6  stm32f10x_rcc.o(.text)
    RCC_ClearFlag                            0x0800299d   Thumb Code    14  stm32f10x_rcc.o(.text)
    RCC_GetITStatus                          0x080029ab   Thumb Code    20  stm32f10x_rcc.o(.text)
    RCC_ClearITPendingBit                    0x080029bf   Thumb Code     6  stm32f10x_rcc.o(.text)
    TIM_DeInit                               0x080029f9   Thumb Code   424  stm32f10x_tim.o(.text)
    TIM_TimeBaseInit                         0x08002ba1   Thumb Code   122  stm32f10x_tim.o(.text)
    TIM_OC1Init                              0x08002c1b   Thumb Code   132  stm32f10x_tim.o(.text)
    TIM_OC2Init                              0x08002c9f   Thumb Code   146  stm32f10x_tim.o(.text)
    TIM_OC3Init                              0x08002d31   Thumb Code   142  stm32f10x_tim.o(.text)
    TIM_OC4Init                              0x08002dbf   Thumb Code   172  stm32f10x_tim.o(.text)
    TIM_SetIC4Prescaler                      0x08002e6b   Thumb Code    22  stm32f10x_tim.o(.text)
    TIM_SetIC3Prescaler                      0x08002ef7   Thumb Code    18  stm32f10x_tim.o(.text)
    TIM_SetIC2Prescaler                      0x08002f7b   Thumb Code    22  stm32f10x_tim.o(.text)
    TIM_SetIC1Prescaler                      0x08003007   Thumb Code    18  stm32f10x_tim.o(.text)
    TIM_ICInit                               0x08003083   Thumb Code   150  stm32f10x_tim.o(.text)
    TIM_PWMIConfig                           0x08003119   Thumb Code   124  stm32f10x_tim.o(.text)
    TIM_BDTRConfig                           0x08003195   Thumb Code    32  stm32f10x_tim.o(.text)
    TIM_TimeBaseStructInit                   0x080031b5   Thumb Code    18  stm32f10x_tim.o(.text)
    TIM_OCStructInit                         0x080031c7   Thumb Code    20  stm32f10x_tim.o(.text)
    TIM_ICStructInit                         0x080031db   Thumb Code    18  stm32f10x_tim.o(.text)
    TIM_BDTRStructInit                       0x080031ed   Thumb Code    18  stm32f10x_tim.o(.text)
    TIM_Cmd                                  0x080031ff   Thumb Code    24  stm32f10x_tim.o(.text)
    TIM_CtrlPWMOutputs                       0x08003217   Thumb Code    52  stm32f10x_tim.o(.text)
    TIM_ITConfig                             0x0800324b   Thumb Code    24  stm32f10x_tim.o(.text)
    TIM_GenerateEvent                        0x08003263   Thumb Code     4  stm32f10x_tim.o(.text)
    TIM_DMAConfig                            0x08003267   Thumb Code    10  stm32f10x_tim.o(.text)
    TIM_DMACmd                               0x08003271   Thumb Code    24  stm32f10x_tim.o(.text)
    TIM_InternalClockConfig                  0x08003289   Thumb Code    12  stm32f10x_tim.o(.text)
    TIM_SelectInputTrigger                   0x08003295   Thumb Code    18  stm32f10x_tim.o(.text)
    TIM_ITRxExternalClockConfig              0x080032a7   Thumb Code    24  stm32f10x_tim.o(.text)
    TIM_TIxExternalClockConfig               0x080032bf   Thumb Code    62  stm32f10x_tim.o(.text)
    TIM_ETRConfig                            0x080032fd   Thumb Code    24  stm32f10x_tim.o(.text)
    TIM_ETRClockMode1Config                  0x08003315   Thumb Code    54  stm32f10x_tim.o(.text)
    TIM_ETRClockMode2Config                  0x0800334b   Thumb Code    32  stm32f10x_tim.o(.text)
    TIM_PrescalerConfig                      0x0800336b   Thumb Code     6  stm32f10x_tim.o(.text)
    TIM_CounterModeConfig                    0x08003371   Thumb Code    18  stm32f10x_tim.o(.text)
    TIM_EncoderInterfaceConfig               0x08003383   Thumb Code    62  stm32f10x_tim.o(.text)
    TIM_ForcedOC1Config                      0x080033c1   Thumb Code    18  stm32f10x_tim.o(.text)
    TIM_ForcedOC2Config                      0x080033d3   Thumb Code    22  stm32f10x_tim.o(.text)
    TIM_ForcedOC3Config                      0x080033e9   Thumb Code    18  stm32f10x_tim.o(.text)
    TIM_ForcedOC4Config                      0x080033fb   Thumb Code    22  stm32f10x_tim.o(.text)
    TIM_ARRPreloadConfig                     0x08003411   Thumb Code    24  stm32f10x_tim.o(.text)
    TIM_SelectCOM                            0x08003429   Thumb Code    24  stm32f10x_tim.o(.text)
    TIM_SelectCCDMA                          0x08003441   Thumb Code    24  stm32f10x_tim.o(.text)
    TIM_CCPreloadControl                     0x08003459   Thumb Code    24  stm32f10x_tim.o(.text)
    TIM_OC1PreloadConfig                     0x08003471   Thumb Code    18  stm32f10x_tim.o(.text)
    TIM_OC2PreloadConfig                     0x08003483   Thumb Code    22  stm32f10x_tim.o(.text)
    TIM_OC3PreloadConfig                     0x08003499   Thumb Code    18  stm32f10x_tim.o(.text)
    TIM_OC4PreloadConfig                     0x080034ab   Thumb Code    22  stm32f10x_tim.o(.text)
    TIM_OC1FastConfig                        0x080034c1   Thumb Code    18  stm32f10x_tim.o(.text)
    TIM_OC2FastConfig                        0x080034d3   Thumb Code    22  stm32f10x_tim.o(.text)
    TIM_OC3FastConfig                        0x080034e9   Thumb Code    18  stm32f10x_tim.o(.text)
    TIM_OC4FastConfig                        0x080034fb   Thumb Code    22  stm32f10x_tim.o(.text)
    TIM_ClearOC1Ref                          0x08003511   Thumb Code    18  stm32f10x_tim.o(.text)
    TIM_ClearOC2Ref                          0x08003523   Thumb Code    20  stm32f10x_tim.o(.text)
    TIM_ClearOC3Ref                          0x08003537   Thumb Code    18  stm32f10x_tim.o(.text)
    TIM_ClearOC4Ref                          0x08003549   Thumb Code    20  stm32f10x_tim.o(.text)
    TIM_OC1PolarityConfig                    0x0800355d   Thumb Code    18  stm32f10x_tim.o(.text)
    TIM_OC1NPolarityConfig                   0x0800356f   Thumb Code    18  stm32f10x_tim.o(.text)
    TIM_OC2PolarityConfig                    0x08003581   Thumb Code    22  stm32f10x_tim.o(.text)
    TIM_OC2NPolarityConfig                   0x08003597   Thumb Code    22  stm32f10x_tim.o(.text)
    TIM_OC3PolarityConfig                    0x080035ad   Thumb Code    22  stm32f10x_tim.o(.text)
    TIM_OC3NPolarityConfig                   0x080035c3   Thumb Code    22  stm32f10x_tim.o(.text)
    TIM_OC4PolarityConfig                    0x080035d9   Thumb Code    22  stm32f10x_tim.o(.text)
    TIM_CCxCmd                               0x080035ef   Thumb Code    34  stm32f10x_tim.o(.text)
    TIM_CCxNCmd                              0x08003611   Thumb Code    34  stm32f10x_tim.o(.text)
    TIM_SelectOCxM                           0x08003633   Thumb Code    82  stm32f10x_tim.o(.text)
    TIM_UpdateDisableConfig                  0x08003685   Thumb Code    24  stm32f10x_tim.o(.text)
    TIM_UpdateRequestConfig                  0x0800369d   Thumb Code    24  stm32f10x_tim.o(.text)
    TIM_SelectHallSensor                     0x080036b5   Thumb Code    24  stm32f10x_tim.o(.text)
    TIM_SelectOnePulseMode                   0x080036cd   Thumb Code    18  stm32f10x_tim.o(.text)
    TIM_SelectOutputTrigger                  0x080036df   Thumb Code    18  stm32f10x_tim.o(.text)
    TIM_SelectSlaveMode                      0x080036f1   Thumb Code    18  stm32f10x_tim.o(.text)
    TIM_SelectMasterSlaveMode                0x08003703   Thumb Code    18  stm32f10x_tim.o(.text)
    TIM_SetCounter                           0x08003715   Thumb Code     4  stm32f10x_tim.o(.text)
    TIM_SetAutoreload                        0x08003719   Thumb Code     4  stm32f10x_tim.o(.text)
    TIM_SetCompare1                          0x0800371d   Thumb Code     4  stm32f10x_tim.o(.text)
    TIM_SetCompare2                          0x08003721   Thumb Code     4  stm32f10x_tim.o(.text)
    TIM_SetCompare3                          0x08003725   Thumb Code     4  stm32f10x_tim.o(.text)
    TIM_SetCompare4                          0x08003729   Thumb Code     6  stm32f10x_tim.o(.text)
    TIM_SetClockDivision                     0x0800372f   Thumb Code    18  stm32f10x_tim.o(.text)
    TIM_GetCapture1                          0x08003741   Thumb Code     6  stm32f10x_tim.o(.text)
    TIM_GetCapture2                          0x08003747   Thumb Code     6  stm32f10x_tim.o(.text)
    TIM_GetCapture3                          0x0800374d   Thumb Code     6  stm32f10x_tim.o(.text)
    TIM_GetCapture4                          0x08003753   Thumb Code     8  stm32f10x_tim.o(.text)
    TIM_GetCounter                           0x0800375b   Thumb Code     6  stm32f10x_tim.o(.text)
    TIM_GetPrescaler                         0x08003761   Thumb Code     6  stm32f10x_tim.o(.text)
    TIM_GetFlagStatus                        0x08003767   Thumb Code    18  stm32f10x_tim.o(.text)
    TIM_ClearFlag                            0x08003779   Thumb Code     6  stm32f10x_tim.o(.text)
    TIM_GetITStatus                          0x0800377f   Thumb Code    34  stm32f10x_tim.o(.text)
    TIM_ClearITPendingBit                    0x080037a1   Thumb Code     6  stm32f10x_tim.o(.text)
    USART_DeInit                             0x080037a9   Thumb Code   134  stm32f10x_usart.o(.text)
    USART_Init                               0x0800382f   Thumb Code   210  stm32f10x_usart.o(.text)
    USART_StructInit                         0x08003901   Thumb Code    24  stm32f10x_usart.o(.text)
    USART_ClockInit                          0x08003919   Thumb Code    34  stm32f10x_usart.o(.text)
    USART_ClockStructInit                    0x0800393b   Thumb Code    12  stm32f10x_usart.o(.text)
    USART_Cmd                                0x08003947   Thumb Code    24  stm32f10x_usart.o(.text)
    USART_ITConfig                           0x0800395f   Thumb Code    74  stm32f10x_usart.o(.text)
    USART_DMACmd                             0x080039a9   Thumb Code    24  stm32f10x_usart.o(.text)
    USART_SetAddress                         0x080039c1   Thumb Code    18  stm32f10x_usart.o(.text)
    USART_WakeUpConfig                       0x080039d3   Thumb Code    18  stm32f10x_usart.o(.text)
    USART_ReceiverWakeUpCmd                  0x080039e5   Thumb Code    24  stm32f10x_usart.o(.text)
    USART_LINBreakDetectLengthConfig         0x080039fd   Thumb Code    18  stm32f10x_usart.o(.text)
    USART_LINCmd                             0x08003a0f   Thumb Code    24  stm32f10x_usart.o(.text)
    USART_SendData                           0x08003a27   Thumb Code     8  stm32f10x_usart.o(.text)
    USART_ReceiveData                        0x08003a2f   Thumb Code    10  stm32f10x_usart.o(.text)
    USART_SendBreak                          0x08003a39   Thumb Code    10  stm32f10x_usart.o(.text)
    USART_SetGuardTime                       0x08003a43   Thumb Code    16  stm32f10x_usart.o(.text)
    USART_SetPrescaler                       0x08003a53   Thumb Code    16  stm32f10x_usart.o(.text)
    USART_SmartCardCmd                       0x08003a63   Thumb Code    24  stm32f10x_usart.o(.text)
    USART_SmartCardNACKCmd                   0x08003a7b   Thumb Code    24  stm32f10x_usart.o(.text)
    USART_HalfDuplexCmd                      0x08003a93   Thumb Code    24  stm32f10x_usart.o(.text)
    USART_OverSampling8Cmd                   0x08003aab   Thumb Code    22  stm32f10x_usart.o(.text)
    USART_OneBitMethodCmd                    0x08003ac1   Thumb Code    24  stm32f10x_usart.o(.text)
    USART_IrDAConfig                         0x08003ad9   Thumb Code    18  stm32f10x_usart.o(.text)
    USART_IrDACmd                            0x08003aeb   Thumb Code    24  stm32f10x_usart.o(.text)
    USART_GetFlagStatus                      0x08003b03   Thumb Code    26  stm32f10x_usart.o(.text)
    USART_ClearFlag                          0x08003b1d   Thumb Code    18  stm32f10x_usart.o(.text)
    USART_GetITStatus                        0x08003b2f   Thumb Code    84  stm32f10x_usart.o(.text)
    USART_ClearITPendingBit                  0x08003b83   Thumb Code    50  stm32f10x_usart.o(.text)
    Reset_Handler                            0x08003bb5   Thumb Code     8  startup_stm32f10x_hd.o(.text)
    ADC1_2_IRQHandler                        0x08003bcf   Thumb Code     0  startup_stm32f10x_hd.o(.text)
    ADC3_IRQHandler                          0x08003bcf   Thumb Code     0  startup_stm32f10x_hd.o(.text)
    CAN1_RX1_IRQHandler                      0x08003bcf   Thumb Code     0  startup_stm32f10x_hd.o(.text)
    CAN1_SCE_IRQHandler                      0x08003bcf   Thumb Code     0  startup_stm32f10x_hd.o(.text)
    DMA1_Channel1_IRQHandler                 0x08003bcf   Thumb Code     0  startup_stm32f10x_hd.o(.text)
    DMA1_Channel2_IRQHandler                 0x08003bcf   Thumb Code     0  startup_stm32f10x_hd.o(.text)
    DMA1_Channel3_IRQHandler                 0x08003bcf   Thumb Code     0  startup_stm32f10x_hd.o(.text)
    DMA1_Channel4_IRQHandler                 0x08003bcf   Thumb Code     0  startup_stm32f10x_hd.o(.text)
    DMA1_Channel5_IRQHandler                 0x08003bcf   Thumb Code     0  startup_stm32f10x_hd.o(.text)
    DMA1_Channel6_IRQHandler                 0x08003bcf   Thumb Code     0  startup_stm32f10x_hd.o(.text)
    DMA1_Channel7_IRQHandler                 0x08003bcf   Thumb Code     0  startup_stm32f10x_hd.o(.text)
    DMA2_Channel1_IRQHandler                 0x08003bcf   Thumb Code     0  startup_stm32f10x_hd.o(.text)
    DMA2_Channel2_IRQHandler                 0x08003bcf   Thumb Code     0  startup_stm32f10x_hd.o(.text)
    DMA2_Channel3_IRQHandler                 0x08003bcf   Thumb Code     0  startup_stm32f10x_hd.o(.text)
    DMA2_Channel4_5_IRQHandler               0x08003bcf   Thumb Code     0  startup_stm32f10x_hd.o(.text)
    EXTI0_IRQHandler                         0x08003bcf   Thumb Code     0  startup_stm32f10x_hd.o(.text)
    EXTI15_10_IRQHandler                     0x08003bcf   Thumb Code     0  startup_stm32f10x_hd.o(.text)
    EXTI1_IRQHandler                         0x08003bcf   Thumb Code     0  startup_stm32f10x_hd.o(.text)
    EXTI2_IRQHandler                         0x08003bcf   Thumb Code     0  startup_stm32f10x_hd.o(.text)
    EXTI3_IRQHandler                         0x08003bcf   Thumb Code     0  startup_stm32f10x_hd.o(.text)
    EXTI4_IRQHandler                         0x08003bcf   Thumb Code     0  startup_stm32f10x_hd.o(.text)
    EXTI9_5_IRQHandler                       0x08003bcf   Thumb Code     0  startup_stm32f10x_hd.o(.text)
    FLASH_IRQHandler                         0x08003bcf   Thumb Code     0  startup_stm32f10x_hd.o(.text)
    FSMC_IRQHandler                          0x08003bcf   Thumb Code     0  startup_stm32f10x_hd.o(.text)
    I2C1_ER_IRQHandler                       0x08003bcf   Thumb Code     0  startup_stm32f10x_hd.o(.text)
    I2C1_EV_IRQHandler                       0x08003bcf   Thumb Code     0  startup_stm32f10x_hd.o(.text)
    I2C2_ER_IRQHandler                       0x08003bcf   Thumb Code     0  startup_stm32f10x_hd.o(.text)
    I2C2_EV_IRQHandler                       0x08003bcf   Thumb Code     0  startup_stm32f10x_hd.o(.text)
    PVD_IRQHandler                           0x08003bcf   Thumb Code     0  startup_stm32f10x_hd.o(.text)
    RCC_IRQHandler                           0x08003bcf   Thumb Code     0  startup_stm32f10x_hd.o(.text)
    RTCAlarm_IRQHandler                      0x08003bcf   Thumb Code     0  startup_stm32f10x_hd.o(.text)
    RTC_IRQHandler                           0x08003bcf   Thumb Code     0  startup_stm32f10x_hd.o(.text)
    SDIO_IRQHandler                          0x08003bcf   Thumb Code     0  startup_stm32f10x_hd.o(.text)
    SPI1_IRQHandler                          0x08003bcf   Thumb Code     0  startup_stm32f10x_hd.o(.text)
    SPI2_IRQHandler                          0x08003bcf   Thumb Code     0  startup_stm32f10x_hd.o(.text)
    SPI3_IRQHandler                          0x08003bcf   Thumb Code     0  startup_stm32f10x_hd.o(.text)
    TAMPER_IRQHandler                        0x08003bcf   Thumb Code     0  startup_stm32f10x_hd.o(.text)
    TIM1_BRK_IRQHandler                      0x08003bcf   Thumb Code     0  startup_stm32f10x_hd.o(.text)
    TIM1_CC_IRQHandler                       0x08003bcf   Thumb Code     0  startup_stm32f10x_hd.o(.text)
    TIM1_TRG_COM_IRQHandler                  0x08003bcf   Thumb Code     0  startup_stm32f10x_hd.o(.text)
    TIM1_UP_IRQHandler                       0x08003bcf   Thumb Code     0  startup_stm32f10x_hd.o(.text)
    TIM2_IRQHandler                          0x08003bcf   Thumb Code     0  startup_stm32f10x_hd.o(.text)
    TIM3_IRQHandler                          0x08003bcf   Thumb Code     0  startup_stm32f10x_hd.o(.text)
    TIM5_IRQHandler                          0x08003bcf   Thumb Code     0  startup_stm32f10x_hd.o(.text)
    TIM6_IRQHandler                          0x08003bcf   Thumb Code     0  startup_stm32f10x_hd.o(.text)
    TIM7_IRQHandler                          0x08003bcf   Thumb Code     0  startup_stm32f10x_hd.o(.text)
    TIM8_BRK_IRQHandler                      0x08003bcf   Thumb Code     0  startup_stm32f10x_hd.o(.text)
    TIM8_CC_IRQHandler                       0x08003bcf   Thumb Code     0  startup_stm32f10x_hd.o(.text)
    TIM8_TRG_COM_IRQHandler                  0x08003bcf   Thumb Code     0  startup_stm32f10x_hd.o(.text)
    TIM8_UP_IRQHandler                       0x08003bcf   Thumb Code     0  startup_stm32f10x_hd.o(.text)
    UART4_IRQHandler                         0x08003bcf   Thumb Code     0  startup_stm32f10x_hd.o(.text)
    UART5_IRQHandler                         0x08003bcf   Thumb Code     0  startup_stm32f10x_hd.o(.text)
    USART2_IRQHandler                        0x08003bcf   Thumb Code     0  startup_stm32f10x_hd.o(.text)
    USART3_IRQHandler                        0x08003bcf   Thumb Code     0  startup_stm32f10x_hd.o(.text)
    USBWakeUp_IRQHandler                     0x08003bcf   Thumb Code     0  startup_stm32f10x_hd.o(.text)
    USB_HP_CAN1_TX_IRQHandler                0x08003bcf   Thumb Code     0  startup_stm32f10x_hd.o(.text)
    USB_LP_CAN1_RX0_IRQHandler               0x08003bcf   Thumb Code     0  startup_stm32f10x_hd.o(.text)
    WWDG_IRQHandler                          0x08003bcf   Thumb Code     0  startup_stm32f10x_hd.o(.text)
    SystemInit                               0x08003ca1   Thumb Code    78  system_stm32f10x.o(.text)
    SystemCoreClockUpdate                    0x08003cef   Thumb Code   142  system_stm32f10x.o(.text)
    __aeabi_memset                           0x08003da1   Thumb Code    14  memseta.o(.text)
    __aeabi_memset4                          0x08003da1   Thumb Code     0  memseta.o(.text)
    __aeabi_memset8                          0x08003da1   Thumb Code     0  memseta.o(.text)
    __aeabi_memclr                           0x08003daf   Thumb Code     4  memseta.o(.text)
    __aeabi_memclr4                          0x08003daf   Thumb Code     0  memseta.o(.text)
    __aeabi_memclr8                          0x08003daf   Thumb Code     0  memseta.o(.text)
    _memset$wrapper                          0x08003db3   Thumb Code    20  memseta.o(.text)
    __aeabi_fadd                             0x08003dc7   Thumb Code   164  fadd.o(.text)
    __aeabi_fsub                             0x08003e6b   Thumb Code     6  fadd.o(.text)
    __aeabi_frsub                            0x08003e71   Thumb Code     6  fadd.o(.text)
    __aeabi_fmul                             0x08003e77   Thumb Code   108  fmul.o(.text)
    __aeabi_fdiv                             0x08003ee3   Thumb Code   128  fdiv.o(.text)
    __aeabi_ui2f                             0x08003f63   Thumb Code    10  ffltui.o(.text)
    __aeabi_f2iz                             0x08003f6d   Thumb Code    50  ffixi.o(.text)
    __aeabi_f2uiz                            0x08003f9f   Thumb Code    40  ffixui.o(.text)
    __aeabi_cfcmpeq                          0x08003fc9   Thumb Code     0  cfcmple.o(.text)
    __aeabi_cfcmple                          0x08003fc9   Thumb Code    20  cfcmple.o(.text)
    __aeabi_cfrcmple                         0x08003fdd   Thumb Code    20  cfrcmple.o(.text)
    __aeabi_uidiv                            0x08003ff1   Thumb Code     0  uidiv.o(.text)
    __aeabi_uidivmod                         0x08003ff1   Thumb Code    44  uidiv.o(.text)
    __I$use$fp                               0x0800401d   Thumb Code     0  iusefp.o(.text)
    _float_round                             0x0800401d   Thumb Code    18  fepilogue.o(.text)
    _float_epilogue                          0x0800402f   Thumb Code    94  fepilogue.o(.text)
    __scatterload                            0x0800408d   Thumb Code    28  init.o(.text)
    __scatterload_rt2                        0x0800408d   Thumb Code     0  init.o(.text)
    __0printf$3                              0x080040b1   Thumb Code    22  printf3.o(i.__0printf$3)
    __1printf$3                              0x080040b1   Thumb Code     0  printf3.o(i.__0printf$3)
    __2printf                                0x080040b1   Thumb Code     0  printf3.o(i.__0printf$3)
    __scatterload_copy                       0x080040d1   Thumb Code    14  handlers.o(i.__scatterload_copy)
    __scatterload_null                       0x080040df   Thumb Code     2  handlers.o(i.__scatterload_null)
    __scatterload_zeroinit                   0x080040e1   Thumb Code    14  handlers.o(i.__scatterload_zeroinit)
    Region$$Table$$Base                      0x08004300   Number         0  anon$$obj.o(Region$$Table)
    Region$$Table$$Limit                     0x08004320   Number         0  anon$$obj.o(Region$$Table)
    receive_complete_flag                    0x20000000   Data           1  main.o(.data)
    receive_count                            0x20000001   Data           1  main.o(.data)
    TIM4CH1_CAPTURE_STA                      0x20000004   Data           1  time.o(.data)
    TIM4CH2_CAPTURE_STA                      0x20000005   Data           1  time.o(.data)
    TIM4CH3_CAPTURE_STA                      0x20000006   Data           1  time.o(.data)
    TIM4CH4_CAPTURE_STA                      0x20000007   Data           1  time.o(.data)
    timeUp1                                  0x20000008   Data           4  time.o(.data)
    timeUp2                                  0x2000000c   Data           4  time.o(.data)
    timeUp3                                  0x20000010   Data           4  time.o(.data)
    timeUp4                                  0x20000014   Data           4  time.o(.data)
    TIM4CH1_CAPTURE_UPVAL                    0x20000018   Data           2  time.o(.data)
    TIM4CH1_CAPTURE_DOWNVAL                  0x2000001a   Data           2  time.o(.data)
    TIM4CH2_CAPTURE_UPVAL                    0x2000001c   Data           2  time.o(.data)
    TIM4CH2_CAPTURE_DOWNVAL                  0x2000001e   Data           2  time.o(.data)
    TIM4CH3_CAPTURE_UPVAL                    0x20000020   Data           2  time.o(.data)
    TIM4CH3_CAPTURE_DOWNVAL                  0x20000022   Data           2  time.o(.data)
    TIM4CH4_CAPTURE_UPVAL                    0x20000024   Data           2  time.o(.data)
    TIM4CH4_CAPTURE_DOWNVAL                  0x20000026   Data           2  time.o(.data)
    tim4_T1                                  0x20000028   Data           4  time.o(.data)
    tim4_T2                                  0x2000002c   Data           4  time.o(.data)
    tim4_T3                                  0x20000030   Data           4  time.o(.data)
    tim4_T4                                  0x20000034   Data           4  time.o(.data)
    infraredNum                              0x2000003c   Data           4  infrared.o(.data)
    moterState                               0x20000040   Data           4  pwmmoter.o(.data)
    process1_1                               0x20000044   Data           4  pwmmoter.o(.data)
    count                                    0x20000048   Data           4  pwmmoter.o(.data)
    TimeAll                                  0x2000004c   Data           4  function.o(.data)
    End_Num                                  0x20000050   Data           4  function.o(.data)
    Test_End_Time                            0x20000054   Data           4  function.o(.data)
    DJ_CorrentDuty                           0x20000058   Data          12  function.o(.data)
    SystemCoreClock                          0x20000078   Data           4  system_stm32f10x.o(.data)
    AHBPrescTable                            0x2000007c   Data          16  system_stm32f10x.o(.data)
    __stdout                                 0x2000008c   Data           4  stdout.o(.data)
    receive_temp                             0x20000090   Data          15  main.o(.bss)
    iValue                                   0x200000a0   Data          24  communication.o(.bss)
    sValue                                   0x200000b8   Data          48  communication.o(.bss)
    function_list1                           0x200000e8   Data         800  function.o(.bss)
    __initial_sp                             0x20000808   Data           0  startup_stm32f10x_hd.o(STACK)



==============================================================================

Memory Map of the image

  Image Entry point : 0x08000131

  Load Region LR_IROM1 (Base: 0x08000000, Size: 0x000043b0, Max: 0x00080000, ABSOLUTE)

    Execution Region ER_IROM1 (Base: 0x08000000, Size: 0x00004320, Max: 0x00080000, ABSOLUTE)

    Base Addr    Size         Type   Attr      Idx    E Section Name        Object

    0x08000000   0x00000130   Data   RO          814    RESET               startup_stm32f10x_hd.o
    0x08000130   0x00000000   Code   RO          848  * .ARM.Collect$$$$00000000  mc_w.l(entry.o)(mc_w.l)
    0x08000130   0x00000004   Code   RO         1130    .ARM.Collect$$$$00000001  mc_w.l(entry2.o)(mc_w.l)
    0x08000134   0x00000004   Code   RO         1133    .ARM.Collect$$$$00000004  mc_w.l(entry5.o)(mc_w.l)
    0x08000138   0x00000008   Code   RO         1134    .ARM.Collect$$$$00000007  mc_w.l(entry7.o)(mc_w.l)
    0x08000140   0x00000004   Code   RO         1131    .ARM.Collect$$$$00002712  mc_w.l(entry2.o)(mc_w.l)
    0x08000144   0x000000b8   Code   RO            1    .text               main.o
    0x080001fc   0x00000020   Code   RO          156    .text               stm32f10x_it.o
    0x0800021c   0x00000134   Code   RO          312    .text               usart1.o
    0x08000350   0x0000046c   Code   RO          324    .text               time.o
    0x080007bc   0x000000ac   Code   RO          342    .text               delay.o
    0x08000868   0x00000080   Code   RO          427    .text               infrared.o
    0x080008e8   0x00000518   Code   RO          448    .text               steppermoter.o
    0x08000e00   0x00000600   Code   RO          461    .text               pwmmoter.o
    0x08001400   0x00000034   Code   RO          479    .text               buzzer.o
    0x08001434   0x0000094c   Code   RO          491    .text               communication.o
    0x08001d80   0x00000484   Code   RO          514    .text               function.o
    0x08002204   0x000000f8   Code   RO          534    .text               misc.o
    0x080022fc   0x00000358   Code   RO          678    .text               stm32f10x_gpio.o
    0x08002654   0x000003a4   Code   RO          726    .text               stm32f10x_rcc.o
    0x080029f8   0x00000dae   Code   RO          776    .text               stm32f10x_tim.o
    0x080037a6   0x00000002   PAD
    0x080037a8   0x0000040c   Code   RO          788    .text               stm32f10x_usart.o
    0x08003bb4   0x00000024   Code   RO          815    .text               startup_stm32f10x_hd.o
    0x08003bd8   0x000001c8   Code   RO          830    .text               system_stm32f10x.o
    0x08003da0   0x00000026   Code   RO          851    .text               mc_w.l(memseta.o)(mc_w.l)
    0x08003dc6   0x000000b0   Code   RO         1114    .text               mf_w.l(fadd.o)(mf_w.l)
    0x08003e76   0x0000006c   Code   RO         1116    .text               mf_w.l(fmul.o)(mf_w.l)
    0x08003ee2   0x00000080   Code   RO         1118    .text               mf_w.l(fdiv.o)(mf_w.l)
    0x08003f62   0x0000000a   Code   RO         1120    .text               mf_w.l(ffltui.o)(mf_w.l)
    0x08003f6c   0x00000032   Code   RO         1122    .text               mf_w.l(ffixi.o)(mf_w.l)
    0x08003f9e   0x00000028   Code   RO         1124    .text               mf_w.l(ffixui.o)(mf_w.l)
    0x08003fc6   0x00000002   PAD
    0x08003fc8   0x00000014   Code   RO         1126    .text               mf_w.l(cfcmple.o)(mf_w.l)
    0x08003fdc   0x00000014   Code   RO         1128    .text               mf_w.l(cfrcmple.o)(mf_w.l)
    0x08003ff0   0x0000002c   Code   RO         1136    .text               mc_w.l(uidiv.o)(mc_w.l)
    0x0800401c   0x00000000   Code   RO         1140    .text               mc_w.l(iusefp.o)(mc_w.l)
    0x0800401c   0x00000070   Code   RO         1141    .text               mf_w.l(fepilogue.o)(mf_w.l)
    0x0800408c   0x00000024   Code   RO         1153    .text               mc_w.l(init.o)(mc_w.l)
    0x080040b0   0x00000020   Code   RO          942    i.__0printf$3       mc_w.l(printf3.o)(mc_w.l)
    0x080040d0   0x0000000e   Code   RO         1165    i.__scatterload_copy  mc_w.l(handlers.o)(mc_w.l)
    0x080040de   0x00000002   Code   RO         1166    i.__scatterload_null  mc_w.l(handlers.o)(mc_w.l)
    0x080040e0   0x0000000e   Code   RO         1167    i.__scatterload_zeroinit  mc_w.l(handlers.o)(mc_w.l)
    0x080040ee   0x00000002   PAD
    0x080040f0   0x000001b4   Code   RO          949    i._printf_core      mc_w.l(printf3.o)(mc_w.l)
    0x080042a4   0x0000005c   Data   RO          516    .constdata          function.o
    0x08004300   0x00000020   Data   RO         1163    Region$$Table       anon$$obj.o


    Execution Region RW_IRAM1 (Base: 0x20000000, Size: 0x00000808, Max: 0x00010000, ABSOLUTE)

    Base Addr    Size         Type   Attr      Idx    E Section Name        Object

    0x20000000   0x00000002   Data   RW            3    .data               main.o
    0x20000002   0x00000002   PAD
    0x20000004   0x00000034   Data   RW          325    .data               time.o
    0x20000038   0x00000004   Data   RW          343    .data               delay.o
    0x2000003c   0x00000004   Data   RW          428    .data               infrared.o
    0x20000040   0x0000000c   Data   RW          462    .data               pwmmoter.o
    0x2000004c   0x00000018   Data   RW          517    .data               function.o
    0x20000064   0x00000014   Data   RW          727    .data               stm32f10x_rcc.o
    0x20000078   0x00000014   Data   RW          831    .data               system_stm32f10x.o
    0x2000008c   0x00000004   Data   RW         1135    .data               mc_w.l(stdout.o)(mc_w.l)
    0x20000090   0x0000000f   Zero   RW            2    .bss                main.o
    0x2000009f   0x00000001   PAD
    0x200000a0   0x00000048   Zero   RW          492    .bss                communication.o
    0x200000e8   0x00000320   Zero   RW          515    .bss                function.o
    0x20000408   0x00000400   Zero   RW          812    STACK               startup_stm32f10x_hd.o


==============================================================================

Image component sizes


      Code (inc. data)   RO Data    RW Data    ZI Data      Debug   Object Name

        52          6          0          0          0          0   buzzer.o
      2380        654          0          0         72          0   communication.o
       172         20          0          4          0          0   delay.o
      1156        178         92         24        800          0   function.o
       128          8          0          4          0          0   infrared.o
       184         28          0          2         15          0   main.o
       248         30          0          0          0          0   misc.o
      1536         28          0         12          0          0   pwmmoter.o
        36          8        304          0       1024          0   startup_stm32f10x_hd.o
      1304         66          0          0          0          0   steppermoter.o
       856         40          0          0          0          0   stm32f10x_gpio.o
        32          0          0          0          0          0   stm32f10x_it.o
       932         52          0         20          0          0   stm32f10x_rcc.o
      3502         86          0          0          0          0   stm32f10x_tim.o
      1036         20          0          0          0          0   stm32f10x_usart.o
       456         36          0         20          0          0   system_stm32f10x.o
      1132         88          0         52          0          0   time.o
       308          8          0          0          0          0   usart1.o

    ----------------------------------------------------------------------
     15452       1356        428        140       1912          0   Object Totals
         0          0         32          0          0          0   (incl. Generated)
         2          0          0          2          1          2   (incl. Padding)

    ----------------------------------------------------------------------

      Code (inc. data)   RO Data    RW Data    ZI Data      Debug   Library Member Name

         0          0          0          0          0          0   entry.o
         8          4          0          0          0          0   entry2.o
         4          0          0          0          0          0   entry5.o
         8          4          0          0          0          0   entry7.o
        30          0          0          0          0          0   handlers.o
        36          8          0          0          0          0   init.o
         0          0          0          0          0          0   iusefp.o
        38          0          0          0          0          0   memseta.o
       468         16          0          0          0          0   printf3.o
         0          0          0          4          0          0   stdout.o
        44          0          0          0          0          0   uidiv.o
        20          0          0          0          0          0   cfcmple.o
        20          0          0          0          0          0   cfrcmple.o
       176          0          0          0          0          0   fadd.o
       128          0          0          0          0          0   fdiv.o
       112          0          0          0          0          0   fepilogue.o
        50          0          0          0          0          0   ffixi.o
        40          0          0          0          0          0   ffixui.o
        10          0          0          0          0          0   ffltui.o
       108          0          0          0          0          0   fmul.o

    ----------------------------------------------------------------------
      1304         32          0          4          0          0   Library Totals
         4          0          0          0          0          0   (incl. Padding)

    ----------------------------------------------------------------------

      Code (inc. data)   RO Data    RW Data    ZI Data      Debug   Library Name

       636         32          0          4          0        436   mc_w.l
       664          0          0          0          0        812   mf_w.l

    ----------------------------------------------------------------------
      1304         32          0          4          0          0   Library Totals

    ----------------------------------------------------------------------

==============================================================================


      Code (inc. data)   RO Data    RW Data    ZI Data      Debug   

     16756       1388        428        144       1912     575348   Grand Totals
     16756       1388        428        144       1912     575348   ELF Image Totals
     16756       1388        428        144          0          0   ROM Totals

==============================================================================

    Total RO  Size (Code + RO Data)                17184 (  16.78kB)
    Total RW  Size (RW Data + ZI Data)              2056 (   2.01kB)
    Total ROM Size (Code + RO Data + RW Data)      17328 (  16.92kB)

==============================================================================

